12:50:09 **** Build of project robot_bsp ****
make -k all 
"Running Make include in ps7_cortexa9_0/libsrc/bram_v4_0/src"
make -C ps7_cortexa9_0/libsrc/bram_v4_0/src -s include  "SHELL=CMD" "COMPILER=arm-xilinx-eabi-gcc" "ARCHIVER=arm-xilinx-eabi-ar" "COMPILER_FLAGS=  -O2 -c" "EXTRA_COMPILER_FLAGS=-g"
"Running Make include in ps7_cortexa9_0/libsrc/coresightps_dcc_v1_0/src"
make -C ps7_cortexa9_0/libsrc/coresightps_dcc_v1_0/src -s include  "SHELL=CMD" "COMPILER=arm-xilinx-eabi-gcc" "ARCHIVER=arm-xilinx-eabi-ar" "COMPILER_FLAGS=  -O2 -c" "EXTRA_COMPILER_FLAGS=-g"
"Running Make include in ps7_cortexa9_0/libsrc/cpu_cortexa9_v2_1/src"
make -C ps7_cortexa9_0/libsrc/cpu_cortexa9_v2_1/src -s include  "SHELL=CMD" "COMPILER=arm-xilinx-eabi-gcc" "ARCHIVER=arm-xilinx-eabi-ar" "COMPILER_FLAGS=  -O2 -c" "EXTRA_COMPILER_FLAGS=-g"
"Running Make include in ps7_cortexa9_0/libsrc/devcfg_v3_3/src"
make -C ps7_cortexa9_0/libsrc/devcfg_v3_3/src -s include  "SHELL=CMD" "COMPILER=arm-xilinx-eabi-gcc" "ARCHIVER=arm-xilinx-eabi-ar" "COMPILER_FLAGS=  -O2 -c" "EXTRA_COMPILER_FLAGS=-g"
"Running Make include in ps7_cortexa9_0/libsrc/dmaps_v2_1/src"
make -C ps7_cortexa9_0/libsrc/dmaps_v2_1/src -s include  "SHELL=CMD" "COMPILER=arm-xilinx-eabi-gcc" "ARCHIVER=arm-xilinx-eabi-ar" "COMPILER_FLAGS=  -O2 -c" "EXTRA_COMPILER_FLAGS=-g"
"Running Make include in ps7_cortexa9_0/libsrc/emacps_v3_0/src"
make -C ps7_cortexa9_0/libsrc/emacps_v3_0/src -s include  "SHELL=CMD" "COMPILER=arm-xilinx-eabi-gcc" "ARCHIVER=arm-xilinx-eabi-ar" "COMPILER_FLAGS=  -O2 -c" "EXTRA_COMPILER_FLAGS=-g"
"Running Make include in ps7_cortexa9_0/libsrc/gpiops_v3_0/src"
make -C ps7_cortexa9_0/libsrc/gpiops_v3_0/src -s include  "SHELL=CMD" "COMPILER=arm-xilinx-eabi-gcc" "ARCHIVER=arm-xilinx-eabi-ar" "COMPILER_FLAGS=  -O2 -c" "EXTRA_COMPILER_FLAGS=-g"
"Running Make include in ps7_cortexa9_0/libsrc/OLED_IP_v1_0/src"
make -C ps7_cortexa9_0/libsrc/OLED_IP_v1_0/src -s include  "SHELL=CMD" "COMPILER=arm-xilinx-eabi-gcc" "ARCHIVER=arm-xilinx-eabi-ar" "COMPILER_FLAGS=  -O2 -c" "EXTRA_COMPILER_FLAGS=-g"
"Running Make include in ps7_cortexa9_0/libsrc/ov5640_dvp_bram_v1_0/src"
make -C ps7_cortexa9_0/libsrc/ov5640_dvp_bram_v1_0/src -s include  "SHELL=CMD" "COMPILER=arm-xilinx-eabi-gcc" "ARCHIVER=arm-xilinx-eabi-ar" "COMPILER_FLAGS=  -O2 -c" "EXTRA_COMPILER_FLAGS=-g"
"Running Make include in ps7_cortexa9_0/libsrc/ov5640_sccb_v1_0/src"
make -C ps7_cortexa9_0/libsrc/ov5640_sccb_v1_0/src -s include  "SHELL=CMD" "COMPILER=arm-xilinx-eabi-gcc" "ARCHIVER=arm-xilinx-eabi-ar" "COMPILER_FLAGS=  -O2 -c" "EXTRA_COMPILER_FLAGS=-g"
"Running Make include in ps7_cortexa9_0/libsrc/qspips_v3_2/src"
make -C ps7_cortexa9_0/libsrc/qspips_v3_2/src -s include  "SHELL=CMD" "COMPILER=arm-xilinx-eabi-gcc" "ARCHIVER=arm-xilinx-eabi-ar" "COMPILER_FLAGS=  -O2 -c" "EXTRA_COMPILER_FLAGS=-g"
"Running Make include in ps7_cortexa9_0/libsrc/Robotarm_car_v1_0/src"
make -C ps7_cortexa9_0/libsrc/Robotarm_car_v1_0/src -s include  "SHELL=CMD" "COMPILER=arm-xilinx-eabi-gcc" "ARCHIVER=arm-xilinx-eabi-ar" "COMPILER_FLAGS=  -O2 -c" "EXTRA_COMPILER_FLAGS=-g"
"Running Make include in ps7_cortexa9_0/libsrc/scugic_v3_0/src"
make -C ps7_cortexa9_0/libsrc/scugic_v3_0/src -s include  "SHELL=CMD" "COMPILER=arm-xilinx-eabi-gcc" "ARCHIVER=arm-xilinx-eabi-ar" "COMPILER_FLAGS=  -O2 -c" "EXTRA_COMPILER_FLAGS=-g"
"Running Make include in ps7_cortexa9_0/libsrc/scutimer_v2_1/src"
make -C ps7_cortexa9_0/libsrc/scutimer_v2_1/src -s include  "SHELL=CMD" "COMPILER=arm-xilinx-eabi-gcc" "ARCHIVER=arm-xilinx-eabi-ar" "COMPILER_FLAGS=  -O2 -c" "EXTRA_COMPILER_FLAGS=-g"
"Running Make include in ps7_cortexa9_0/libsrc/scuwdt_v2_1/src"
make -C ps7_cortexa9_0/libsrc/scuwdt_v2_1/src -s include  "SHELL=CMD" "COMPILER=arm-xilinx-eabi-gcc" "ARCHIVER=arm-xilinx-eabi-ar" "COMPILER_FLAGS=  -O2 -c" "EXTRA_COMPILER_FLAGS=-g"
"Running Make include in ps7_cortexa9_0/libsrc/sdps_v2_4/src"
make -C ps7_cortexa9_0/libsrc/sdps_v2_4/src -s include  "SHELL=CMD" "COMPILER=arm-xilinx-eabi-gcc" "ARCHIVER=arm-xilinx-eabi-ar" "COMPILER_FLAGS=  -O2 -c" "EXTRA_COMPILER_FLAGS=-g"
"Running Make include in ps7_cortexa9_0/libsrc/standalone_v5_1/src"
make -C ps7_cortexa9_0/libsrc/standalone_v5_1/src -s include  "SHELL=CMD" "COMPILER=arm-xilinx-eabi-gcc" "ARCHIVER=arm-xilinx-eabi-ar" "COMPILER_FLAGS=  -O2 -c" "EXTRA_COMPILER_FLAGS=-g"
"Running Make include in ps7_cortexa9_0/libsrc/ttcps_v3_0/src"
make -C ps7_cortexa9_0/libsrc/ttcps_v3_0/src -s include  "SHELL=CMD" "COMPILER=arm-xilinx-eabi-gcc" "ARCHIVER=arm-xilinx-eabi-ar" "COMPILER_FLAGS=  -O2 -c" "EXTRA_COMPILER_FLAGS=-g"
"Running Make include in ps7_cortexa9_0/libsrc/tts_v1_0/src"
make -C ps7_cortexa9_0/libsrc/tts_v1_0/src -s include  "SHELL=CMD" "COMPILER=arm-xilinx-eabi-gcc" "ARCHIVER=arm-xilinx-eabi-ar" "COMPILER_FLAGS=  -O2 -c" "EXTRA_COMPILER_FLAGS=-g"
"Running Make include in ps7_cortexa9_0/libsrc/uartps_v3_0/src"
make -C ps7_cortexa9_0/libsrc/uartps_v3_0/src -s include  "SHELL=CMD" "COMPILER=arm-xilinx-eabi-gcc" "ARCHIVER=arm-xilinx-eabi-ar" "COMPILER_FLAGS=  -O2 -c" "EXTRA_COMPILER_FLAGS=-g"
"Running Make include in ps7_cortexa9_0/libsrc/usbps_v2_2/src"
make -C ps7_cortexa9_0/libsrc/usbps_v2_2/src -s include  "SHELL=CMD" "COMPILER=arm-xilinx-eabi-gcc" "ARCHIVER=arm-xilinx-eabi-ar" "COMPILER_FLAGS=  -O2 -c" "EXTRA_COMPILER_FLAGS=-g"
"Running Make include in ps7_cortexa9_0/libsrc/xadcps_v2_2/src"
make -C ps7_cortexa9_0/libsrc/xadcps_v2_2/src -s include  "SHELL=CMD" "COMPILER=arm-xilinx-eabi-gcc" "ARCHIVER=arm-xilinx-eabi-ar" "COMPILER_FLAGS=  -O2 -c" "EXTRA_COMPILER_FLAGS=-g"
"Running Make libs in ps7_cortexa9_0/libsrc/bram_v4_0/src"
make -C ps7_cortexa9_0/libsrc/bram_v4_0/src -s libs  "SHELL=CMD" "COMPILER=arm-xilinx-eabi-gcc" "ARCHIVER=arm-xilinx-eabi-ar" "COMPILER_FLAGS=  -O2 -c" "EXTRA_COMPILER_FLAGS=-g"
"Compiling bram"
arm-xilinx-eabi-ar: creating ../../../lib/libxil.a
"Running Make libs in ps7_cortexa9_0/libsrc/coresightps_dcc_v1_0/src"
make -C ps7_cortexa9_0/libsrc/coresightps_dcc_v1_0/src -s libs  "SHELL=CMD" "COMPILER=arm-xilinx-eabi-gcc" "ARCHIVER=arm-xilinx-eabi-ar" "COMPILER_FLAGS=  -O2 -c" "EXTRA_COMPILER_FLAGS=-g"
"Compiling coresightps_dcc"
"Running Make libs in ps7_cortexa9_0/libsrc/cpu_cortexa9_v2_1/src"
make -C ps7_cortexa9_0/libsrc/cpu_cortexa9_v2_1/src -s libs  "SHELL=CMD" "COMPILER=arm-xilinx-eabi-gcc" "ARCHIVER=arm-xilinx-eabi-ar" "COMPILER_FLAGS=  -O2 -c" "EXTRA_COMPILER_FLAGS=-g"
"Compiling cpu_cortexa9"
"Running Make libs in ps7_cortexa9_0/libsrc/devcfg_v3_3/src"
make -C ps7_cortexa9_0/libsrc/devcfg_v3_3/src -s libs  "SHELL=CMD" "COMPILER=arm-xilinx-eabi-gcc" "ARCHIVER=arm-xilinx-eabi-ar" "COMPILER_FLAGS=  -O2 -c" "EXTRA_COMPILER_FLAGS=-g"
"Compiling devcfg"
"Running Make libs in ps7_cortexa9_0/libsrc/dmaps_v2_1/src"
make -C ps7_cortexa9_0/libsrc/dmaps_v2_1/src -s libs  "SHELL=CMD" "COMPILER=arm-xilinx-eabi-gcc" "ARCHIVER=arm-xilinx-eabi-ar" "COMPILER_FLAGS=  -O2 -c" "EXTRA_COMPILER_FLAGS=-g"
"Compiling dmaps"
"Running Make libs in ps7_cortexa9_0/libsrc/emacps_v3_0/src"
make -C ps7_cortexa9_0/libsrc/emacps_v3_0/src -s libs  "SHELL=CMD" "COMPILER=arm-xilinx-eabi-gcc" "ARCHIVER=arm-xilinx-eabi-ar" "COMPILER_FLAGS=  -O2 -c" "EXTRA_COMPILER_FLAGS=-g"
"Compiling emacps"
"Running Make libs in ps7_cortexa9_0/libsrc/gpiops_v3_0/src"
make -C ps7_cortexa9_0/libsrc/gpiops_v3_0/src -s libs  "SHELL=CMD" "COMPILER=arm-xilinx-eabi-gcc" "ARCHIVER=arm-xilinx-eabi-ar" "COMPILER_FLAGS=  -O2 -c" "EXTRA_COMPILER_FLAGS=-g"
"Compiling gpiops"
"Running Make libs in ps7_cortexa9_0/libsrc/OLED_IP_v1_0/src"
make -C ps7_cortexa9_0/libsrc/OLED_IP_v1_0/src -s libs  "SHELL=CMD" "COMPILER=arm-xilinx-eabi-gcc" "ARCHIVER=arm-xilinx-eabi-ar" "COMPILER_FLAGS=  -O2 -c" "EXTRA_COMPILER_FLAGS=-g"
"Compiling OLED_IP..."
"Running Make libs in ps7_cortexa9_0/libsrc/ov5640_dvp_bram_v1_0/src"
make -C ps7_cortexa9_0/libsrc/ov5640_dvp_bram_v1_0/src -s libs  "SHELL=CMD" "COMPILER=arm-xilinx-eabi-gcc" "ARCHIVER=arm-xilinx-eabi-ar" "COMPILER_FLAGS=  -O2 -c" "EXTRA_COMPILER_FLAGS=-g"
"Compiling ov5640_dvp_bram..."
"Running Make libs in ps7_cortexa9_0/libsrc/ov5640_sccb_v1_0/src"
make -C ps7_cortexa9_0/libsrc/ov5640_sccb_v1_0/src -s libs  "SHELL=CMD" "COMPILER=arm-xilinx-eabi-gcc" "ARCHIVER=arm-xilinx-eabi-ar" "COMPILER_FLAGS=  -O2 -c" "EXTRA_COMPILER_FLAGS=-g"
"Compiling ov5640_sccb..."
"Running Make libs in ps7_cortexa9_0/libsrc/qspips_v3_2/src"
make -C ps7_cortexa9_0/libsrc/qspips_v3_2/src -s libs  "SHELL=CMD" "COMPILER=arm-xilinx-eabi-gcc" "ARCHIVER=arm-xilinx-eabi-ar" "COMPILER_FLAGS=  -O2 -c" "EXTRA_COMPILER_FLAGS=-g"
"Compiling qspips"
"Running Make libs in ps7_cortexa9_0/libsrc/Robotarm_car_v1_0/src"
make -C ps7_cortexa9_0/libsrc/Robotarm_car_v1_0/src -s libs  "SHELL=CMD" "COMPILER=arm-xilinx-eabi-gcc" "ARCHIVER=arm-xilinx-eabi-ar" "COMPILER_FLAGS=  -O2 -c" "EXTRA_COMPILER_FLAGS=-g"
"Compiling Robotarm_car..."
"Running Make libs in ps7_cortexa9_0/libsrc/scugic_v3_0/src"
make -C ps7_cortexa9_0/libsrc/scugic_v3_0/src -s libs  "SHELL=CMD" "COMPILER=arm-xilinx-eabi-gcc" "ARCHIVER=arm-xilinx-eabi-ar" "COMPILER_FLAGS=  -O2 -c" "EXTRA_COMPILER_FLAGS=-g"
"Compiling scugic"
"Running Make libs in ps7_cortexa9_0/libsrc/scutimer_v2_1/src"
make -C ps7_cortexa9_0/libsrc/scutimer_v2_1/src -s libs  "SHELL=CMD" "COMPILER=arm-xilinx-eabi-gcc" "ARCHIVER=arm-xilinx-eabi-ar" "COMPILER_FLAGS=  -O2 -c" "EXTRA_COMPILER_FLAGS=-g"
"Compiling scutimer"
"Running Make libs in ps7_cortexa9_0/libsrc/scuwdt_v2_1/src"
make -C ps7_cortexa9_0/libsrc/scuwdt_v2_1/src -s libs  "SHELL=CMD" "COMPILER=arm-xilinx-eabi-gcc" "ARCHIVER=arm-xilinx-eabi-ar" "COMPILER_FLAGS=  -O2 -c" "EXTRA_COMPILER_FLAGS=-g"
"Compiling scuwdt"
"Running Make libs in ps7_cortexa9_0/libsrc/sdps_v2_4/src"
make -C ps7_cortexa9_0/libsrc/sdps_v2_4/src -s libs  "SHELL=CMD" "COMPILER=arm-xilinx-eabi-gcc" "ARCHIVER=arm-xilinx-eabi-ar" "COMPILER_FLAGS=  -O2 -c" "EXTRA_COMPILER_FLAGS=-g"
"Compiling sdps"
"Running Make libs in ps7_cortexa9_0/libsrc/standalone_v5_1/src"
make -C ps7_cortexa9_0/libsrc/standalone_v5_1/src -s libs  "SHELL=CMD" "COMPILER=arm-xilinx-eabi-gcc" "ARCHIVER=arm-xilinx-eabi-ar" "COMPILER_FLAGS=  -O2 -c" "EXTRA_COMPILER_FLAGS=-g"
"Compiling standalone"
"Running Make libs in ps7_cortexa9_0/libsrc/ttcps_v3_0/src"
make -C ps7_cortexa9_0/libsrc/ttcps_v3_0/src -s libs  "SHELL=CMD" "COMPILER=arm-xilinx-eabi-gcc" "ARCHIVER=arm-xilinx-eabi-ar" "COMPILER_FLAGS=  -O2 -c" "EXTRA_COMPILER_FLAGS=-g"
"Compiling ttcps"
"Running Make libs in ps7_cortexa9_0/libsrc/tts_v1_0/src"
make -C ps7_cortexa9_0/libsrc/tts_v1_0/src -s libs  "SHELL=CMD" "COMPILER=arm-xilinx-eabi-gcc" "ARCHIVER=arm-xilinx-eabi-ar" "COMPILER_FLAGS=  -O2 -c" "EXTRA_COMPILER_FLAGS=-g"
"Compiling tts..."
"Running Make libs in ps7_cortexa9_0/libsrc/uartps_v3_0/src"
make -C ps7_cortexa9_0/libsrc/uartps_v3_0/src -s libs  "SHELL=CMD" "COMPILER=arm-xilinx-eabi-gcc" "ARCHIVER=arm-xilinx-eabi-ar" "COMPILER_FLAGS=  -O2 -c" "EXTRA_COMPILER_FLAGS=-g"
"Compiling uartps"
"Running Make libs in ps7_cortexa9_0/libsrc/usbps_v2_2/src"
make -C ps7_cortexa9_0/libsrc/usbps_v2_2/src -s libs  "SHELL=CMD" "COMPILER=arm-xilinx-eabi-gcc" "ARCHIVER=arm-xilinx-eabi-ar" "COMPILER_FLAGS=  -O2 -c" "EXTRA_COMPILER_FLAGS=-g"
"Compiling usbps"
"Running Make libs in ps7_cortexa9_0/libsrc/xadcps_v2_2/src"
make -C ps7_cortexa9_0/libsrc/xadcps_v2_2/src -s libs  "SHELL=CMD" "COMPILER=arm-xilinx-eabi-gcc" "ARCHIVER=arm-xilinx-eabi-ar" "COMPILER_FLAGS=  -O2 -c" "EXTRA_COMPILER_FLAGS=-g"
"Compiling xadcps"
'Finished building libraries'
12:50:27 **** Build of configuration Debug for project robot ****
make all 
'Building file: ../src/main.cc'
'Invoking: ARM g++ compiler'
arm-xilinx-eabi-g++ -Wall -O0 -g3 -c -fmessage-length=0 -MT"src/main.o" -I../../robot_bsp/ps7_cortexa9_0/include -MMD -MP -MF"src/main.d" -MT"src/main.d" -o "src/main.o" "../src/main.cc"
'Finished building: ../src/main.cc'
' '
'Building target: robot.elf'
'Invoking: ARM g++ linker'
arm-xilinx-eabi-g++ -Wl,-T -Wl,../src/lscript.ld -L../../robot_bsp/ps7_cortexa9_0/lib -o "robot.elf"  ./src/main.o   -Wl,--start-group,-lxil,-lgcc,-lc,-lstdc++,--end-group
'Finished building target: robot.elf'
' '
'Invoking: ARM Print Size'
arm-xilinx-eabi-size robot.elf  |tee "robot.elf.size"
   text	   data	    bss	    dec	    hex	filename
  19388	   1152	  22572	  43112	   a868	robot.elf
'Finished building: robot.elf.size'
' '
12:51:23 **** Clean-only build of configuration Debug for project robot ****
make clean 
rm -rf  ./src/main.d  ./src/main.o  robot.elf.size  robot.elf
' '
12:51:24 **** Auto Build of configuration Debug for project robot ****
make all 
'Building file: ../src/Robotarm_ps.c'
'Invoking: ARM g++ compiler'
arm-xilinx-eabi-g++ -Wall -O0 -g3 -c -fmessage-length=0 -MT"src/Robotarm_ps.o" -I../../robot_bsp/ps7_cortexa9_0/include -MMD -MP -MF"src/Robotarm_ps.d" -MT"src/Robotarm_ps.d" -o "src/Robotarm_ps.o" "../src/Robotarm_ps.c"
'Finished building: ../src/Robotarm_ps.c'
' '
'Building file: ../src/chess.cpp'
'Invoking: ARM g++ compiler'
arm-xilinx-eabi-g++ -Wall -O0 -g3 -c -fmessage-length=0 -MT"src/chess.o" -I../../robot_bsp/ps7_cortexa9_0/include -MMD -MP -MF"src/chess.d" -MT"src/chess.d" -o "src/chess.o" "../src/chess.cpp"
'Finished building: ../src/chess.cpp'
' '
'Building file: ../src/oled.c'
'Invoking: ARM g++ compiler'
arm-xilinx-eabi-g++ -Wall -O0 -g3 -c -fmessage-length=0 -MT"src/oled.o" -I../../robot_bsp/ps7_cortexa9_0/include -MMD -MP -MF"src/oled.d" -MT"src/oled.d" -o "src/oled.o" "../src/oled.c"
'Finished building: ../src/oled.c'
' '
'Building file: ../src/ov5640.cpp'
'Invoking: ARM g++ compiler'
arm-xilinx-eabi-g++ -Wall -O0 -g3 -c -fmessage-length=0 -MT"src/ov5640.o" -I../../robot_bsp/ps7_cortexa9_0/include -MMD -MP -MF"src/ov5640.d" -MT"src/ov5640.d" -o "src/ov5640.o" "../src/ov5640.cpp"
'Finished building: ../src/ov5640.cpp'
' '
'Building file: ../src/robot.cpp'
'Invoking: ARM g++ compiler'
arm-xilinx-eabi-g++ -Wall -O0 -g3 -c -fmessage-length=0 -MT"src/robot.o" -I../../robot_bsp/ps7_cortexa9_0/include -MMD -MP -MF"src/robot.d" -MT"src/robot.d" -o "src/robot.o" "../src/robot.cpp"
'Finished building: ../src/robot.cpp'
' '
'Building file: ../src/tts.cpp'
'Invoking: ARM g++ compiler'
arm-xilinx-eabi-g++ -Wall -O0 -g3 -c -fmessage-length=0 -MT"src/tts.o" -I../../robot_bsp/ps7_cortexa9_0/include -MMD -MP -MF"src/tts.d" -MT"src/tts.d" -o "src/tts.o" "../src/tts.cpp"
'Finished building: ../src/tts.cpp'
' '
'Building target: robot.elf'
'Invoking: ARM g++ linker'
arm-xilinx-eabi-g++ -Wl,-T -Wl,../src/lscript.ld -L../../robot_bsp/ps7_cortexa9_0/lib -o "robot.elf"  ./src/Robotarm_ps.o ./src/chess.o ./src/oled.o ./src/ov5640.o ./src/robot.o ./src/tts.o   -Wl,--start-group,-lxil,-lgcc,-lc,-lstdc++,--end-group
'Finished building target: robot.elf'
' '
'Invoking: ARM Print Size'
arm-xilinx-eabi-size robot.elf  |tee "robot.elf.size"
   text	   data	    bss	    dec	    hex	filename
 554848	   4948	  31384	 591180	  9054c	robot.elf
'Finished building: robot.elf.size'
' '
12:51:33 **** Auto Build of configuration Debug for project robot ****
make all 
'Building target: robot.elf'
'Invoking: ARM g++ linker'
arm-xilinx-eabi-g++ -Wl,-T -Wl,../src/lscript.ld -L../../robot_bsp/ps7_cortexa9_0/lib -o "robot.elf"  ./src/Robotarm_ps.o ./src/chess.o ./src/oled.o ./src/ov5640.o ./src/robot.o ./src/tts.o   -Wl,--start-group,-lxil,-lgcc,-lc,-lstdc++,--end-group
'Finished building target: robot.elf'
' '
'Invoking: ARM Print Size'
arm-xilinx-eabi-size robot.elf  |tee "robot.elf.size"
   text	   data	    bss	    dec	    hex	filename
 554848	   4948	33569432	34129228	208c54c	robot.elf
'Finished building: robot.elf.size'
' '
12:52:18 **** Clean-only build of configuration Debug for project robot ****
make clean 
rm -rf  ./src/Robotarm_ps.o ./src/chess.o ./src/oled.o ./src/ov5640.o ./src/robot.o ./src/tts.o  ./src/Robotarm_ps.d ./src/oled.d  ./src/chess.d ./src/ov5640.d ./src/robot.d ./src/tts.d  robot.elf.size  robot.elf
' '
12:52:19 **** Auto Build of configuration Debug for project robot ****
make all 
'Building file: ../src/Robotarm_ps.c'
'Invoking: ARM g++ compiler'
arm-xilinx-eabi-g++ -Wall -O0 -g3 -I"C:\Xilinx\SDK\2015.2\gnu\arm\nt\arm-xilinx-eabi\include\c++\4.9.1" -I"C:\Xilinx\SDK\2015.2\gnu\arm\nt\arm-xilinx-eabi\include\c++\4.9.1\arm-xilinx-eabi" -I"C:\Xilinx\SDK\2015.2\gnu\arm\nt\arm-xilinx-eabi\include\c++\4.9.1\backward" -c -fmessage-length=0 -MT"src/Robotarm_ps.o" -I../../robot_bsp/ps7_cortexa9_0/include -MMD -MP -MF"src/Robotarm_ps.d" -MT"src/Robotarm_ps.d" -o "src/Robotarm_ps.o" "../src/Robotarm_ps.c"
'Finished building: ../src/Robotarm_ps.c'
' '
'Building file: ../src/chess.cpp'
'Invoking: ARM g++ compiler'
arm-xilinx-eabi-g++ -Wall -O0 -g3 -I"C:\Xilinx\SDK\2015.2\gnu\arm\nt\arm-xilinx-eabi\include\c++\4.9.1" -I"C:\Xilinx\SDK\2015.2\gnu\arm\nt\arm-xilinx-eabi\include\c++\4.9.1\arm-xilinx-eabi" -I"C:\Xilinx\SDK\2015.2\gnu\arm\nt\arm-xilinx-eabi\include\c++\4.9.1\backward" -c -fmessage-length=0 -MT"src/chess.o" -I../../robot_bsp/ps7_cortexa9_0/include -MMD -MP -MF"src/chess.d" -MT"src/chess.d" -o "src/chess.o" "../src/chess.cpp"
'Finished building: ../src/chess.cpp'
' '
'Building file: ../src/oled.c'
'Invoking: ARM g++ compiler'
arm-xilinx-eabi-g++ -Wall -O0 -g3 -I"C:\Xilinx\SDK\2015.2\gnu\arm\nt\arm-xilinx-eabi\include\c++\4.9.1" -I"C:\Xilinx\SDK\2015.2\gnu\arm\nt\arm-xilinx-eabi\include\c++\4.9.1\arm-xilinx-eabi" -I"C:\Xilinx\SDK\2015.2\gnu\arm\nt\arm-xilinx-eabi\include\c++\4.9.1\backward" -c -fmessage-length=0 -MT"src/oled.o" -I../../robot_bsp/ps7_cortexa9_0/include -MMD -MP -MF"src/oled.d" -MT"src/oled.d" -o "src/oled.o" "../src/oled.c"
'Finished building: ../src/oled.c'
' '
'Building file: ../src/ov5640.cpp'
'Invoking: ARM g++ compiler'
arm-xilinx-eabi-g++ -Wall -O0 -g3 -I"C:\Xilinx\SDK\2015.2\gnu\arm\nt\arm-xilinx-eabi\include\c++\4.9.1" -I"C:\Xilinx\SDK\2015.2\gnu\arm\nt\arm-xilinx-eabi\include\c++\4.9.1\arm-xilinx-eabi" -I"C:\Xilinx\SDK\2015.2\gnu\arm\nt\arm-xilinx-eabi\include\c++\4.9.1\backward" -c -fmessage-length=0 -MT"src/ov5640.o" -I../../robot_bsp/ps7_cortexa9_0/include -MMD -MP -MF"src/ov5640.d" -MT"src/ov5640.d" -o "src/ov5640.o" "../src/ov5640.cpp"
'Finished building: ../src/ov5640.cpp'
' '
'Building file: ../src/robot.cpp'
'Invoking: ARM g++ compiler'
arm-xilinx-eabi-g++ -Wall -O0 -g3 -I"C:\Xilinx\SDK\2015.2\gnu\arm\nt\arm-xilinx-eabi\include\c++\4.9.1" -I"C:\Xilinx\SDK\2015.2\gnu\arm\nt\arm-xilinx-eabi\include\c++\4.9.1\arm-xilinx-eabi" -I"C:\Xilinx\SDK\2015.2\gnu\arm\nt\arm-xilinx-eabi\include\c++\4.9.1\backward" -c -fmessage-length=0 -MT"src/robot.o" -I../../robot_bsp/ps7_cortexa9_0/include -MMD -MP -MF"src/robot.d" -MT"src/robot.d" -o "src/robot.o" "../src/robot.cpp"
'Finished building: ../src/robot.cpp'
' '
'Building file: ../src/tts.cpp'
'Invoking: ARM g++ compiler'
arm-xilinx-eabi-g++ -Wall -O0 -g3 -I"C:\Xilinx\SDK\2015.2\gnu\arm\nt\arm-xilinx-eabi\include\c++\4.9.1" -I"C:\Xilinx\SDK\2015.2\gnu\arm\nt\arm-xilinx-eabi\include\c++\4.9.1\arm-xilinx-eabi" -I"C:\Xilinx\SDK\2015.2\gnu\arm\nt\arm-xilinx-eabi\include\c++\4.9.1\backward" -c -fmessage-length=0 -MT"src/tts.o" -I../../robot_bsp/ps7_cortexa9_0/include -MMD -MP -MF"src/tts.d" -MT"src/tts.d" -o "src/tts.o" "../src/tts.cpp"
'Finished building: ../src/tts.cpp'
' '
'Building target: robot.elf'
'Invoking: ARM g++ linker'
arm-xilinx-eabi-g++ -Wl,-T -Wl,../src/lscript.ld -L../../robot_bsp/ps7_cortexa9_0/lib -o "robot.elf"  ./src/Robotarm_ps.o ./src/chess.o ./src/oled.o ./src/ov5640.o ./src/robot.o ./src/tts.o   -Wl,--start-group,-lxil,-lgcc,-lc,-lstdc++,--end-group
'Finished building target: robot.elf'
' '
'Invoking: ARM Print Size'
arm-xilinx-eabi-size robot.elf  |tee "robot.elf.size"
   text	   data	    bss	    dec	    hex	filename
 554848	   4948	33569432	34129228	208c54c	robot.elf
'Finished building: robot.elf.size'
' '
12:52:22 **** Clean-only build of configuration Debug for project robot ****
make clean 
rm -rf  ./src/Robotarm_ps.o ./src/chess.o ./src/oled.o ./src/ov5640.o ./src/robot.o ./src/tts.o  ./src/Robotarm_ps.d ./src/oled.d  ./src/chess.d ./src/ov5640.d ./src/robot.d ./src/tts.d  robot.elf.size  robot.elf
' '
12:52:22 **** Auto Build of configuration Debug for project robot ****
make all 
'Building file: ../src/Robotarm_ps.c'
'Invoking: ARM g++ compiler'
arm-xilinx-eabi-g++ -Wall -O0 -g3 -I"C:\Xilinx\SDK\2015.2\gnu\arm\nt\arm-xilinx-eabi\include\c++\4.9.1" -I"C:\Xilinx\SDK\2015.2\gnu\arm\nt\arm-xilinx-eabi\include\c++\4.9.1\arm-xilinx-eabi" -I"C:\Xilinx\SDK\2015.2\gnu\arm\nt\arm-xilinx-eabi\include\c++\4.9.1\backward" -c -fmessage-length=0 -MT"src/Robotarm_ps.o" -I../../robot_bsp/ps7_cortexa9_0/include -MMD -MP -MF"src/Robotarm_ps.d" -MT"src/Robotarm_ps.d" -o "src/Robotarm_ps.o" "../src/Robotarm_ps.c"
'Finished building: ../src/Robotarm_ps.c'
' '
'Building file: ../src/chess.cpp'
'Invoking: ARM g++ compiler'
arm-xilinx-eabi-g++ -Wall -O0 -g3 -I"C:\Xilinx\SDK\2015.2\gnu\arm\nt\arm-xilinx-eabi\include\c++\4.9.1" -I"C:\Xilinx\SDK\2015.2\gnu\arm\nt\arm-xilinx-eabi\include\c++\4.9.1\arm-xilinx-eabi" -I"C:\Xilinx\SDK\2015.2\gnu\arm\nt\arm-xilinx-eabi\include\c++\4.9.1\backward" -c -fmessage-length=0 -MT"src/chess.o" -I../../robot_bsp/ps7_cortexa9_0/include -MMD -MP -MF"src/chess.d" -MT"src/chess.d" -o "src/chess.o" "../src/chess.cpp"
'Finished building: ../src/chess.cpp'
' '
'Building file: ../src/oled.c'
'Invoking: ARM g++ compiler'
arm-xilinx-eabi-g++ -Wall -O0 -g3 -I"C:\Xilinx\SDK\2015.2\gnu\arm\nt\arm-xilinx-eabi\include\c++\4.9.1" -I"C:\Xilinx\SDK\2015.2\gnu\arm\nt\arm-xilinx-eabi\include\c++\4.9.1\arm-xilinx-eabi" -I"C:\Xilinx\SDK\2015.2\gnu\arm\nt\arm-xilinx-eabi\include\c++\4.9.1\backward" -c -fmessage-length=0 -MT"src/oled.o" -I../../robot_bsp/ps7_cortexa9_0/include -MMD -MP -MF"src/oled.d" -MT"src/oled.d" -o "src/oled.o" "../src/oled.c"
'Finished building: ../src/oled.c'
' '
'Building file: ../src/ov5640.cpp'
'Invoking: ARM g++ compiler'
arm-xilinx-eabi-g++ -Wall -O0 -g3 -I"C:\Xilinx\SDK\2015.2\gnu\arm\nt\arm-xilinx-eabi\include\c++\4.9.1" -I"C:\Xilinx\SDK\2015.2\gnu\arm\nt\arm-xilinx-eabi\include\c++\4.9.1\arm-xilinx-eabi" -I"C:\Xilinx\SDK\2015.2\gnu\arm\nt\arm-xilinx-eabi\include\c++\4.9.1\backward" -c -fmessage-length=0 -MT"src/ov5640.o" -I../../robot_bsp/ps7_cortexa9_0/include -MMD -MP -MF"src/ov5640.d" -MT"src/ov5640.d" -o "src/ov5640.o" "../src/ov5640.cpp"
'Finished building: ../src/ov5640.cpp'
' '
'Building file: ../src/robot.cpp'
'Invoking: ARM g++ compiler'
arm-xilinx-eabi-g++ -Wall -O0 -g3 -I"C:\Xilinx\SDK\2015.2\gnu\arm\nt\arm-xilinx-eabi\include\c++\4.9.1" -I"C:\Xilinx\SDK\2015.2\gnu\arm\nt\arm-xilinx-eabi\include\c++\4.9.1\arm-xilinx-eabi" -I"C:\Xilinx\SDK\2015.2\gnu\arm\nt\arm-xilinx-eabi\include\c++\4.9.1\backward" -c -fmessage-length=0 -MT"src/robot.o" -I../../robot_bsp/ps7_cortexa9_0/include -MMD -MP -MF"src/robot.d" -MT"src/robot.d" -o "src/robot.o" "../src/robot.cpp"
'Finished building: ../src/robot.cpp'
' '
'Building file: ../src/tts.cpp'
'Invoking: ARM g++ compiler'
arm-xilinx-eabi-g++ -Wall -O0 -g3 -I"C:\Xilinx\SDK\2015.2\gnu\arm\nt\arm-xilinx-eabi\include\c++\4.9.1" -I"C:\Xilinx\SDK\2015.2\gnu\arm\nt\arm-xilinx-eabi\include\c++\4.9.1\arm-xilinx-eabi" -I"C:\Xilinx\SDK\2015.2\gnu\arm\nt\arm-xilinx-eabi\include\c++\4.9.1\backward" -c -fmessage-length=0 -MT"src/tts.o" -I../../robot_bsp/ps7_cortexa9_0/include -MMD -MP -MF"src/tts.d" -MT"src/tts.d" -o "src/tts.o" "../src/tts.cpp"
'Finished building: ../src/tts.cpp'
' '
'Building target: robot.elf'
'Invoking: ARM g++ linker'
arm-xilinx-eabi-g++ -Wl,-T -Wl,../src/lscript.ld -L../../robot_bsp/ps7_cortexa9_0/lib -o "robot.elf"  ./src/Robotarm_ps.o ./src/chess.o ./src/oled.o ./src/ov5640.o ./src/robot.o ./src/tts.o   -Wl,--start-group,-lxil,-lgcc,-lc,-lstdc++,--end-group
'Finished building target: robot.elf'
' '
'Invoking: ARM Print Size'
arm-xilinx-eabi-size robot.elf  |tee "robot.elf.size"
   text	   data	    bss	    dec	    hex	filename
 554848	   4948	33569432	34129228	208c54c	robot.elf
'Finished building: robot.elf.size'
' '
12:52:49 **** Auto Build of configuration Debug for project robot ****
make all 
'Building file: ../src/oled.c'
'Invoking: ARM g++ compiler'
arm-xilinx-eabi-g++ -Wall -O0 -g3 -I"C:\Xilinx\SDK\2015.2\gnu\arm\nt\arm-xilinx-eabi\include\c++\4.9.1" -I"C:\Xilinx\SDK\2015.2\gnu\arm\nt\arm-xilinx-eabi\include\c++\4.9.1\arm-xilinx-eabi" -I"C:\Xilinx\SDK\2015.2\gnu\arm\nt\arm-xilinx-eabi\include\c++\4.9.1\backward" -c -fmessage-length=0 -MT"src/oled.o" -I../../robot_bsp/ps7_cortexa9_0/include -MMD -MP -MF"src/oled.d" -MT"src/oled.d" -o "src/oled.o" "../src/oled.c"
'Finished building: ../src/oled.c'
' '
'Building target: robot.elf'
'Invoking: ARM g++ linker'
arm-xilinx-eabi-g++ -Wl,-T -Wl,../src/lscript.ld -L../../robot_bsp/ps7_cortexa9_0/lib -o "robot.elf"  ./src/Robotarm_ps.o ./src/chess.o ./src/oled.o ./src/ov5640.o ./src/robot.o ./src/tts.o   -Wl,--start-group,-lxil,-lgcc,-lc,-lstdc++,--end-group
'Finished building target: robot.elf'
' '
'Invoking: ARM Print Size'
arm-xilinx-eabi-size robot.elf  |tee "robot.elf.size"
   text	   data	    bss	    dec	    hex	filename
 554920	   4948	33569432	34129300	208c594	robot.elf
'Finished building: robot.elf.size'
' '
12:53:10 **** Incremental Build of configuration Debug for project robot ****
make all 
make: Nothing to be done for `all'.
12:57:34 **** Auto Build of configuration Debug for project robot ****
make all 
'Building file: ../src/oled.c'
'Invoking: ARM g++ compiler'
arm-xilinx-eabi-g++ -Wall -O0 -g3 -I"C:\Xilinx\SDK\2015.2\gnu\arm\nt\arm-xilinx-eabi\include\c++\4.9.1" -I"C:\Xilinx\SDK\2015.2\gnu\arm\nt\arm-xilinx-eabi\include\c++\4.9.1\arm-xilinx-eabi" -I"C:\Xilinx\SDK\2015.2\gnu\arm\nt\arm-xilinx-eabi\include\c++\4.9.1\backward" -c -fmessage-length=0 -MT"src/oled.o" -I../../robot_bsp/ps7_cortexa9_0/include -MMD -MP -MF"src/oled.d" -MT"src/oled.d" -o "src/oled.o" "../src/oled.c"
'Finished building: ../src/oled.c'
' '
'Building target: robot.elf'
'Invoking: ARM g++ linker'
arm-xilinx-eabi-g++ -Wl,-T -Wl,../src/lscript.ld -L../../robot_bsp/ps7_cortexa9_0/lib -o "robot.elf"  ./src/Robotarm_ps.o ./src/chess.o ./src/oled.o ./src/ov5640.o ./src/robot.o ./src/tts.o   -Wl,--start-group,-lxil,-lgcc,-lc,-lstdc++,--end-group
'Finished building target: robot.elf'
' '
'Invoking: ARM Print Size'
arm-xilinx-eabi-size robot.elf  |tee "robot.elf.size"
   text	   data	    bss	    dec	    hex	filename
 554896	   4948	33569432	34129276	208c57c	robot.elf
'Finished building: robot.elf.size'
' '
12:58:08 **** Auto Build of configuration Debug for project robot ****
make all 
'Building file: ../src/oled.c'
'Invoking: ARM g++ compiler'
arm-xilinx-eabi-g++ -Wall -O0 -g3 -I"C:\Xilinx\SDK\2015.2\gnu\arm\nt\arm-xilinx-eabi\include\c++\4.9.1" -I"C:\Xilinx\SDK\2015.2\gnu\arm\nt\arm-xilinx-eabi\include\c++\4.9.1\arm-xilinx-eabi" -I"C:\Xilinx\SDK\2015.2\gnu\arm\nt\arm-xilinx-eabi\include\c++\4.9.1\backward" -c -fmessage-length=0 -MT"src/oled.o" -I../../robot_bsp/ps7_cortexa9_0/include -MMD -MP -MF"src/oled.d" -MT"src/oled.d" -o "src/oled.o" "../src/oled.c"
'Finished building: ../src/oled.c'
' '
'Building target: robot.elf'
'Invoking: ARM g++ linker'
arm-xilinx-eabi-g++ -Wl,-T -Wl,../src/lscript.ld -L../../robot_bsp/ps7_cortexa9_0/lib -o "robot.elf"  ./src/Robotarm_ps.o ./src/chess.o ./src/oled.o ./src/ov5640.o ./src/robot.o ./src/tts.o   -Wl,--start-group,-lxil,-lgcc,-lc,-lstdc++,--end-group
'Finished building target: robot.elf'
' '
'Invoking: ARM Print Size'
arm-xilinx-eabi-size robot.elf  |tee "robot.elf.size"
   text	   data	    bss	    dec	    hex	filename
 541552	   4948	33569432	34115932	208915c	robot.elf
'Finished building: robot.elf.size'
' '
12:58:12 **** Auto Build of configuration Debug for project robot ****
make all 
'Building file: ../src/oled.c'
'Invoking: ARM g++ compiler'
arm-xilinx-eabi-g++ -Wall -O0 -g3 -I"C:\Xilinx\SDK\2015.2\gnu\arm\nt\arm-xilinx-eabi\include\c++\4.9.1" -I"C:\Xilinx\SDK\2015.2\gnu\arm\nt\arm-xilinx-eabi\include\c++\4.9.1\arm-xilinx-eabi" -I"C:\Xilinx\SDK\2015.2\gnu\arm\nt\arm-xilinx-eabi\include\c++\4.9.1\backward" -c -fmessage-length=0 -MT"src/oled.o" -I../../robot_bsp/ps7_cortexa9_0/include -MMD -MP -MF"src/oled.d" -MT"src/oled.d" -o "src/oled.o" "../src/oled.c"
'Finished building: ../src/oled.c'
' '
'Building target: robot.elf'
'Invoking: ARM g++ linker'
arm-xilinx-eabi-g++ -Wl,-T -Wl,../src/lscript.ld -L../../robot_bsp/ps7_cortexa9_0/lib -o "robot.elf"  ./src/Robotarm_ps.o ./src/chess.o ./src/oled.o ./src/ov5640.o ./src/robot.o ./src/tts.o   -Wl,--start-group,-lxil,-lgcc,-lc,-lstdc++,--end-group
'Finished building target: robot.elf'
' '
'Invoking: ARM Print Size'
arm-xilinx-eabi-size robot.elf  |tee "robot.elf.size"
   text	   data	    bss	    dec	    hex	filename
 541544	   4948	33569432	34115924	2089154	robot.elf
'Finished building: robot.elf.size'
' '
12:58:34 **** Auto Build of configuration Debug for project robot ****
make all 
'Building file: ../src/oled.c'
'Invoking: ARM g++ compiler'
arm-xilinx-eabi-g++ -Wall -O0 -g3 -I"C:\Xilinx\SDK\2015.2\gnu\arm\nt\arm-xilinx-eabi\include\c++\4.9.1" -I"C:\Xilinx\SDK\2015.2\gnu\arm\nt\arm-xilinx-eabi\include\c++\4.9.1\arm-xilinx-eabi" -I"C:\Xilinx\SDK\2015.2\gnu\arm\nt\arm-xilinx-eabi\include\c++\4.9.1\backward" -c -fmessage-length=0 -MT"src/oled.o" -I../../robot_bsp/ps7_cortexa9_0/include -MMD -MP -MF"src/oled.d" -MT"src/oled.d" -o "src/oled.o" "../src/oled.c"
'Finished building: ../src/oled.c'
' '
'Building target: robot.elf'
'Invoking: ARM g++ linker'
arm-xilinx-eabi-g++ -Wl,-T -Wl,../src/lscript.ld -L../../robot_bsp/ps7_cortexa9_0/lib -o "robot.elf"  ./src/Robotarm_ps.o ./src/chess.o ./src/oled.o ./src/ov5640.o ./src/robot.o ./src/tts.o   -Wl,--start-group,-lxil,-lgcc,-lc,-lstdc++,--end-group
'Finished building target: robot.elf'
' '
'Invoking: ARM Print Size'
arm-xilinx-eabi-size robot.elf  |tee "robot.elf.size"
   text	   data	    bss	    dec	    hex	filename
 541472	   4948	33569432	34115852	208910c	robot.elf
'Finished building: robot.elf.size'
' '
12:58:37 **** Auto Build of configuration Debug for project robot ****
make all 
'Building file: ../src/oled.c'
'Invoking: ARM g++ compiler'
arm-xilinx-eabi-g++ -Wall -O0 -g3 -I"C:\Xilinx\SDK\2015.2\gnu\arm\nt\arm-xilinx-eabi\include\c++\4.9.1" -I"C:\Xilinx\SDK\2015.2\gnu\arm\nt\arm-xilinx-eabi\include\c++\4.9.1\arm-xilinx-eabi" -I"C:\Xilinx\SDK\2015.2\gnu\arm\nt\arm-xilinx-eabi\include\c++\4.9.1\backward" -c -fmessage-length=0 -MT"src/oled.o" -I../../robot_bsp/ps7_cortexa9_0/include -MMD -MP -MF"src/oled.d" -MT"src/oled.d" -o "src/oled.o" "../src/oled.c"
'Finished building: ../src/oled.c'
' '
'Building target: robot.elf'
'Invoking: ARM g++ linker'
arm-xilinx-eabi-g++ -Wl,-T -Wl,../src/lscript.ld -L../../robot_bsp/ps7_cortexa9_0/lib -o "robot.elf"  ./src/Robotarm_ps.o ./src/chess.o ./src/oled.o ./src/ov5640.o ./src/robot.o ./src/tts.o   -Wl,--start-group,-lxil,-lgcc,-lc,-lstdc++,--end-group
'Finished building target: robot.elf'
' '
'Invoking: ARM Print Size'
arm-xilinx-eabi-size robot.elf  |tee "robot.elf.size"
   text	   data	    bss	    dec	    hex	filename
 541536	   4948	33569432	34115916	208914c	robot.elf
'Finished building: robot.elf.size'
' '
12:58:47 **** Auto Build of configuration Debug for project robot ****
make all 
'Building file: ../src/robot.cpp'
'Invoking: ARM g++ compiler'
arm-xilinx-eabi-g++ -Wall -O0 -g3 -I"C:\Xilinx\SDK\2015.2\gnu\arm\nt\arm-xilinx-eabi\include\c++\4.9.1" -I"C:\Xilinx\SDK\2015.2\gnu\arm\nt\arm-xilinx-eabi\include\c++\4.9.1\arm-xilinx-eabi" -I"C:\Xilinx\SDK\2015.2\gnu\arm\nt\arm-xilinx-eabi\include\c++\4.9.1\backward" -c -fmessage-length=0 -MT"src/robot.o" -I../../robot_bsp/ps7_cortexa9_0/include -MMD -MP -MF"src/robot.d" -MT"src/robot.d" -o "src/robot.o" "../src/robot.cpp"
'Finished building: ../src/robot.cpp'
' '
'Building target: robot.elf'
'Invoking: ARM g++ linker'
arm-xilinx-eabi-g++ -Wl,-T -Wl,../src/lscript.ld -L../../robot_bsp/ps7_cortexa9_0/lib -o "robot.elf"  ./src/Robotarm_ps.o ./src/chess.o ./src/oled.o ./src/ov5640.o ./src/robot.o ./src/tts.o   -Wl,--start-group,-lxil,-lgcc,-lc,-lstdc++,--end-group
'Finished building target: robot.elf'
' '
'Invoking: ARM Print Size'
arm-xilinx-eabi-size robot.elf  |tee "robot.elf.size"
   text	   data	    bss	    dec	    hex	filename
 541464	   4948	33569432	34115844	2089104	robot.elf
'Finished building: robot.elf.size'
' '
12:58:52 **** Incremental Build of configuration Debug for project robot ****
make all 
make: Nothing to be done for `all'.
12:59:35 **** Auto Build of configuration Debug for project robot ****
make all 
'Building file: ../src/oled.c'
'Invoking: ARM g++ compiler'
arm-xilinx-eabi-g++ -Wall -O0 -g3 -I"C:\Xilinx\SDK\2015.2\gnu\arm\nt\arm-xilinx-eabi\include\c++\4.9.1" -I"C:\Xilinx\SDK\2015.2\gnu\arm\nt\arm-xilinx-eabi\include\c++\4.9.1\arm-xilinx-eabi" -I"C:\Xilinx\SDK\2015.2\gnu\arm\nt\arm-xilinx-eabi\include\c++\4.9.1\backward" -c -fmessage-length=0 -MT"src/oled.o" -I../../robot_bsp/ps7_cortexa9_0/include -MMD -MP -MF"src/oled.d" -MT"src/oled.d" -o "src/oled.o" "../src/oled.c"
'Finished building: ../src/oled.c'
' '
'Building target: robot.elf'
'Invoking: ARM g++ linker'
arm-xilinx-eabi-g++ -Wl,-T -Wl,../src/lscript.ld -L../../robot_bsp/ps7_cortexa9_0/lib -o "robot.elf"  ./src/Robotarm_ps.o ./src/chess.o ./src/oled.o ./src/ov5640.o ./src/robot.o ./src/tts.o   -Wl,--start-group,-lxil,-lgcc,-lc,-lstdc++,--end-group
'Finished building target: robot.elf'
' '
'Invoking: ARM Print Size'
arm-xilinx-eabi-size robot.elf  |tee "robot.elf.size"
   text	   data	    bss	    dec	    hex	filename
 541536	   4948	33569432	34115916	208914c	robot.elf
'Finished building: robot.elf.size'
' '
12:59:44 **** Incremental Build of configuration Debug for project robot ****
make all 
make: Nothing to be done for `all'.
12:59:49 **** Incremental Build of configuration Debug for project robot ****
make all 
make: Nothing to be done for `all'.
13:02:56 **** Auto Build of configuration Debug for project robot ****
make all 
'Building file: ../src/robot.cpp'
'Invoking: ARM g++ compiler'
arm-xilinx-eabi-g++ -Wall -O0 -g3 -I"C:\Xilinx\SDK\2015.2\gnu\arm\nt\arm-xilinx-eabi\include\c++\4.9.1" -I"C:\Xilinx\SDK\2015.2\gnu\arm\nt\arm-xilinx-eabi\include\c++\4.9.1\arm-xilinx-eabi" -I"C:\Xilinx\SDK\2015.2\gnu\arm\nt\arm-xilinx-eabi\include\c++\4.9.1\backward" -c -fmessage-length=0 -MT"src/robot.o" -I../../robot_bsp/ps7_cortexa9_0/include -MMD -MP -MF"src/robot.d" -MT"src/robot.d" -o "src/robot.o" "../src/robot.cpp"
../src/robot.cpp: In function 'int main()':
../src/robot.cpp:37:23: error: 'sr' was not declared in this scope
   OLED_ShowNum(35, 4, sr, 1, 16);
                       ^
../src/robot.cpp:38:23: error: 'sh' was not declared in this scope
   OLED_ShowNum(85, 4, sh, 1, 16);
                       ^
../src/robot.cpp:23:6: warning: unused variable 'score_human' [-Wunused-variable]
  int score_human = 0, score_ai = 0;
      ^
../src/robot.cpp:23:23: warning: unused variable 'score_ai' [-Wunused-variable]
  int score_human = 0, score_ai = 0;
                       ^
make: *** [src/robot.o] ´íÎó 1
13:03:05 **** Auto Build of configuration Debug for project robot ****
make all 
'Building file: ../src/robot.cpp'
'Invoking: ARM g++ compiler'
arm-xilinx-eabi-g++ -Wall -O0 -g3 -I"C:\Xilinx\SDK\2015.2\gnu\arm\nt\arm-xilinx-eabi\include\c++\4.9.1" -I"C:\Xilinx\SDK\2015.2\gnu\arm\nt\arm-xilinx-eabi\include\c++\4.9.1\arm-xilinx-eabi" -I"C:\Xilinx\SDK\2015.2\gnu\arm\nt\arm-xilinx-eabi\include\c++\4.9.1\backward" -c -fmessage-length=0 -MT"src/robot.o" -I../../robot_bsp/ps7_cortexa9_0/include -MMD -MP -MF"src/robot.d" -MT"src/robot.d" -o "src/robot.o" "../src/robot.cpp"
../src/robot.cpp: In function 'int main()':
../src/robot.cpp:23:6: warning: unused variable 'score_human' [-Wunused-variable]
  int score_human = 0, score_ai = 0;
      ^
../src/robot.cpp:23:23: warning: unused variable 'score_ai' [-Wunused-variable]
  int score_human = 0, score_ai = 0;
                       ^
'Finished building: ../src/robot.cpp'
' '
'Building target: robot.elf'
'Invoking: ARM g++ linker'
arm-xilinx-eabi-g++ -Wl,-T -Wl,../src/lscript.ld -L../../robot_bsp/ps7_cortexa9_0/lib -o "robot.elf"  ./src/Robotarm_ps.o ./src/chess.o ./src/oled.o ./src/ov5640.o ./src/robot.o ./src/tts.o   -Wl,--start-group,-lxil,-lgcc,-lc,-lstdc++,--end-group
'Finished building target: robot.elf'
' '
'Invoking: ARM Print Size'
arm-xilinx-eabi-size robot.elf  |tee "robot.elf.size"
   text	   data	    bss	    dec	    hex	filename
 541672	   4948	33569432	34116052	20891d4	robot.elf
'Finished building: robot.elf.size'
' '
13:03:08 **** Incremental Build of configuration Debug for project robot ****
make all 
make: Nothing to be done for `all'.
13:03:12 **** Incremental Build of configuration Debug for project robot ****
make all 
make: Nothing to be done for `all'.
13:08:40 **** Auto Build of configuration Debug for project robot ****
make all 
'Building file: ../src/robot.cpp'
'Invoking: ARM g++ compiler'
arm-xilinx-eabi-g++ -Wall -O0 -g3 -I"C:\Xilinx\SDK\2015.2\gnu\arm\nt\arm-xilinx-eabi\include\c++\4.9.1" -I"C:\Xilinx\SDK\2015.2\gnu\arm\nt\arm-xilinx-eabi\include\c++\4.9.1\arm-xilinx-eabi" -I"C:\Xilinx\SDK\2015.2\gnu\arm\nt\arm-xilinx-eabi\include\c++\4.9.1\backward" -c -fmessage-length=0 -MT"src/robot.o" -I../../robot_bsp/ps7_cortexa9_0/include -MMD -MP -MF"src/robot.d" -MT"src/robot.d" -o "src/robot.o" "../src/robot.cpp"
'Finished building: ../src/robot.cpp'
' '
'Building target: robot.elf'
'Invoking: ARM g++ linker'
arm-xilinx-eabi-g++ -Wl,-T -Wl,../src/lscript.ld -L../../robot_bsp/ps7_cortexa9_0/lib -o "robot.elf"  ./src/Robotarm_ps.o ./src/chess.o ./src/oled.o ./src/ov5640.o ./src/robot.o ./src/tts.o   -Wl,--start-group,-lxil,-lgcc,-lc,-lstdc++,--end-group
'Finished building target: robot.elf'
' '
'Invoking: ARM Print Size'
arm-xilinx-eabi-size robot.elf  |tee "robot.elf.size"
   text	   data	    bss	    dec	    hex	filename
 548344	   4948	33569424	34122716	208abdc	robot.elf
'Finished building: robot.elf.size'
' '
13:08:48 **** Incremental Build of configuration Debug for project robot ****
make all 
make: Nothing to be done for `all'.
13:10:16 **** Auto Build of configuration Debug for project robot ****
make all 
'Building file: ../src/robot.cpp'
'Invoking: ARM g++ compiler'
arm-xilinx-eabi-g++ -Wall -O0 -g3 -I"C:\Xilinx\SDK\2015.2\gnu\arm\nt\arm-xilinx-eabi\include\c++\4.9.1" -I"C:\Xilinx\SDK\2015.2\gnu\arm\nt\arm-xilinx-eabi\include\c++\4.9.1\arm-xilinx-eabi" -I"C:\Xilinx\SDK\2015.2\gnu\arm\nt\arm-xilinx-eabi\include\c++\4.9.1\backward" -c -fmessage-length=0 -MT"src/robot.o" -I../../robot_bsp/ps7_cortexa9_0/include -MMD -MP -MF"src/robot.d" -MT"src/robot.d" -o "src/robot.o" "../src/robot.cpp"
'Finished building: ../src/robot.cpp'
' '
'Building target: robot.elf'
'Invoking: ARM g++ linker'
arm-xilinx-eabi-g++ -Wl,-T -Wl,../src/lscript.ld -L../../robot_bsp/ps7_cortexa9_0/lib -o "robot.elf"  ./src/Robotarm_ps.o ./src/chess.o ./src/oled.o ./src/ov5640.o ./src/robot.o ./src/tts.o   -Wl,--start-group,-lxil,-lgcc,-lc,-lstdc++,--end-group
'Finished building target: robot.elf'
' '
'Invoking: ARM Print Size'
arm-xilinx-eabi-size robot.elf  |tee "robot.elf.size"
   text	   data	    bss	    dec	    hex	filename
 548352	   4948	33569424	34122724	208abe4	robot.elf
'Finished building: robot.elf.size'
' '
13:10:32 **** Incremental Build of configuration Debug for project robot ****
make all 
make: Nothing to be done for `all'.
13:10:36 **** Incremental Build of configuration Debug for project robot ****
make all 
make: Nothing to be done for `all'.
13:11:24 **** Auto Build of configuration Debug for project robot ****
make all 
'Building file: ../src/robot.cpp'
'Invoking: ARM g++ compiler'
arm-xilinx-eabi-g++ -Wall -O0 -g3 -I"C:\Xilinx\SDK\2015.2\gnu\arm\nt\arm-xilinx-eabi\include\c++\4.9.1" -I"C:\Xilinx\SDK\2015.2\gnu\arm\nt\arm-xilinx-eabi\include\c++\4.9.1\arm-xilinx-eabi" -I"C:\Xilinx\SDK\2015.2\gnu\arm\nt\arm-xilinx-eabi\include\c++\4.9.1\backward" -c -fmessage-length=0 -MT"src/robot.o" -I../../robot_bsp/ps7_cortexa9_0/include -MMD -MP -MF"src/robot.d" -MT"src/robot.d" -o "src/robot.o" "../src/robot.cpp"
'Finished building: ../src/robot.cpp'
' '
'Building target: robot.elf'
'Invoking: ARM g++ linker'
arm-xilinx-eabi-g++ -Wl,-T -Wl,../src/lscript.ld -L../../robot_bsp/ps7_cortexa9_0/lib -o "robot.elf"  ./src/Robotarm_ps.o ./src/chess.o ./src/oled.o ./src/ov5640.o ./src/robot.o ./src/tts.o   -Wl,--start-group,-lxil,-lgcc,-lc,-lstdc++,--end-group
'Finished building target: robot.elf'
' '
'Invoking: ARM Print Size'
arm-xilinx-eabi-size robot.elf  |tee "robot.elf.size"
   text	   data	    bss	    dec	    hex	filename
 561680	   4948	33569424	34136052	208dff4	robot.elf
'Finished building: robot.elf.size'
' '
13:11:27 **** Incremental Build of configuration Debug for project robot ****
make all 
make: Nothing to be done for `all'.
13:11:31 **** Incremental Build of configuration Debug for project robot ****
make all 
make: Nothing to be done for `all'.
13:15:01 **** Incremental Build of configuration Debug for project robot ****
make all 
make: Nothing to be done for `all'.
13:16:14 **** Auto Build of configuration Debug for project robot ****
make all 
'Building file: ../src/robot.cpp'
'Invoking: ARM g++ compiler'
arm-xilinx-eabi-g++ -Wall -O0 -g3 -I"C:\Xilinx\SDK\2015.2\gnu\arm\nt\arm-xilinx-eabi\include\c++\4.9.1" -I"C:\Xilinx\SDK\2015.2\gnu\arm\nt\arm-xilinx-eabi\include\c++\4.9.1\arm-xilinx-eabi" -I"C:\Xilinx\SDK\2015.2\gnu\arm\nt\arm-xilinx-eabi\include\c++\4.9.1\backward" -c -fmessage-length=0 -MT"src/robot.o" -I../../robot_bsp/ps7_cortexa9_0/include -MMD -MP -MF"src/robot.d" -MT"src/robot.d" -o "src/robot.o" "../src/robot.cpp"
'Finished building: ../src/robot.cpp'
' '
'Building target: robot.elf'
'Invoking: ARM g++ linker'
arm-xilinx-eabi-g++ -Wl,-T -Wl,../src/lscript.ld -L../../robot_bsp/ps7_cortexa9_0/lib -o "robot.elf"  ./src/Robotarm_ps.o ./src/chess.o ./src/oled.o ./src/ov5640.o ./src/robot.o ./src/tts.o   -Wl,--start-group,-lxil,-lgcc,-lc,-lstdc++,--end-group
'Finished building target: robot.elf'
' '
'Invoking: ARM Print Size'
arm-xilinx-eabi-size robot.elf  |tee "robot.elf.size"
   text	   data	    bss	    dec	    hex	filename
 561032	   4948	33569424	34135404	208dd6c	robot.elf
'Finished building: robot.elf.size'
' '
13:16:19 **** Auto Build of configuration Debug for project robot ****
make all 
'Building file: ../src/robot.cpp'
'Invoking: ARM g++ compiler'
arm-xilinx-eabi-g++ -Wall -O0 -g3 -I"C:\Xilinx\SDK\2015.2\gnu\arm\nt\arm-xilinx-eabi\include\c++\4.9.1" -I"C:\Xilinx\SDK\2015.2\gnu\arm\nt\arm-xilinx-eabi\include\c++\4.9.1\arm-xilinx-eabi" -I"C:\Xilinx\SDK\2015.2\gnu\arm\nt\arm-xilinx-eabi\include\c++\4.9.1\backward" -c -fmessage-length=0 -MT"src/robot.o" -I../../robot_bsp/ps7_cortexa9_0/include -MMD -MP -MF"src/robot.d" -MT"src/robot.d" -o "src/robot.o" "../src/robot.cpp"
'Finished building: ../src/robot.cpp'
' '
'Building target: robot.elf'
'Invoking: ARM g++ linker'
arm-xilinx-eabi-g++ -Wl,-T -Wl,../src/lscript.ld -L../../robot_bsp/ps7_cortexa9_0/lib -o "robot.elf"  ./src/Robotarm_ps.o ./src/chess.o ./src/oled.o ./src/ov5640.o ./src/robot.o ./src/tts.o   -Wl,--start-group,-lxil,-lgcc,-lc,-lstdc++,--end-group
'Finished building target: robot.elf'
' '
'Invoking: ARM Print Size'
arm-xilinx-eabi-size robot.elf  |tee "robot.elf.size"
   text	   data	    bss	    dec	    hex	filename
 561032	   4948	33569424	34135404	208dd6c	robot.elf
'Finished building: robot.elf.size'
' '
13:16:24 **** Incremental Build of configuration Debug for project robot ****
make all 
make: Nothing to be done for `all'.
13:16:28 **** Incremental Build of configuration Debug for project robot ****
make all 
make: Nothing to be done for `all'.
13:17:18 **** Auto Build of configuration Debug for project robot ****
make all 
'Building file: ../src/robot.cpp'
'Invoking: ARM g++ compiler'
arm-xilinx-eabi-g++ -Wall -O0 -g3 -I"C:\Xilinx\SDK\2015.2\gnu\arm\nt\arm-xilinx-eabi\include\c++\4.9.1" -I"C:\Xilinx\SDK\2015.2\gnu\arm\nt\arm-xilinx-eabi\include\c++\4.9.1\arm-xilinx-eabi" -I"C:\Xilinx\SDK\2015.2\gnu\arm\nt\arm-xilinx-eabi\include\c++\4.9.1\backward" -c -fmessage-length=0 -MT"src/robot.o" -I../../robot_bsp/ps7_cortexa9_0/include -MMD -MP -MF"src/robot.d" -MT"src/robot.d" -o "src/robot.o" "../src/robot.cpp"
'Finished building: ../src/robot.cpp'
' '
'Building target: robot.elf'
'Invoking: ARM g++ linker'
arm-xilinx-eabi-g++ -Wl,-T -Wl,../src/lscript.ld -L../../robot_bsp/ps7_cortexa9_0/lib -o "robot.elf"  ./src/Robotarm_ps.o ./src/chess.o ./src/oled.o ./src/ov5640.o ./src/robot.o ./src/tts.o   -Wl,--start-group,-lxil,-lgcc,-lc,-lstdc++,--end-group
'Finished building target: robot.elf'
' '
'Invoking: ARM Print Size'
arm-xilinx-eabi-size robot.elf  |tee "robot.elf.size"
   text	   data	    bss	    dec	    hex	filename
 561168	   4948	33569424	34135540	208ddf4	robot.elf
'Finished building: robot.elf.size'
' '
13:17:23 **** Incremental Build of configuration Debug for project robot ****
make all 
make: Nothing to be done for `all'.
13:17:27 **** Incremental Build of configuration Debug for project robot ****
make all 
make: Nothing to be done for `all'.
13:18:00 **** Auto Build of configuration Debug for project robot ****
make all 
'Building file: ../src/robot.cpp'
'Invoking: ARM g++ compiler'
arm-xilinx-eabi-g++ -Wall -O0 -g3 -I"C:\Xilinx\SDK\2015.2\gnu\arm\nt\arm-xilinx-eabi\include\c++\4.9.1" -I"C:\Xilinx\SDK\2015.2\gnu\arm\nt\arm-xilinx-eabi\include\c++\4.9.1\arm-xilinx-eabi" -I"C:\Xilinx\SDK\2015.2\gnu\arm\nt\arm-xilinx-eabi\include\c++\4.9.1\backward" -c -fmessage-length=0 -MT"src/robot.o" -I../../robot_bsp/ps7_cortexa9_0/include -MMD -MP -MF"src/robot.d" -MT"src/robot.d" -o "src/robot.o" "../src/robot.cpp"
'Finished building: ../src/robot.cpp'
' '
'Building target: robot.elf'
'Invoking: ARM g++ linker'
arm-xilinx-eabi-g++ -Wl,-T -Wl,../src/lscript.ld -L../../robot_bsp/ps7_cortexa9_0/lib -o "robot.elf"  ./src/Robotarm_ps.o ./src/chess.o ./src/oled.o ./src/ov5640.o ./src/robot.o ./src/tts.o   -Wl,--start-group,-lxil,-lgcc,-lc,-lstdc++,--end-group
'Finished building target: robot.elf'
' '
'Invoking: ARM Print Size'
arm-xilinx-eabi-size robot.elf  |tee "robot.elf.size"
   text	   data	    bss	    dec	    hex	filename
 561172	   4948	33569424	34135544	208ddf8	robot.elf
'Finished building: robot.elf.size'
' '
13:18:04 **** Incremental Build of configuration Debug for project robot ****
make all 
make: Nothing to be done for `all'.
13:18:08 **** Incremental Build of configuration Debug for project robot ****
make all 
make: Nothing to be done for `all'.
13:18:32 **** Auto Build of configuration Debug for project robot ****
make all 
'Building file: ../src/robot.cpp'
'Invoking: ARM g++ compiler'
arm-xilinx-eabi-g++ -Wall -O0 -g3 -I"C:\Xilinx\SDK\2015.2\gnu\arm\nt\arm-xilinx-eabi\include\c++\4.9.1" -I"C:\Xilinx\SDK\2015.2\gnu\arm\nt\arm-xilinx-eabi\include\c++\4.9.1\arm-xilinx-eabi" -I"C:\Xilinx\SDK\2015.2\gnu\arm\nt\arm-xilinx-eabi\include\c++\4.9.1\backward" -c -fmessage-length=0 -MT"src/robot.o" -I../../robot_bsp/ps7_cortexa9_0/include -MMD -MP -MF"src/robot.d" -MT"src/robot.d" -o "src/robot.o" "../src/robot.cpp"
'Finished building: ../src/robot.cpp'
' '
'Building target: robot.elf'
'Invoking: ARM g++ linker'
arm-xilinx-eabi-g++ -Wl,-T -Wl,../src/lscript.ld -L../../robot_bsp/ps7_cortexa9_0/lib -o "robot.elf"  ./src/Robotarm_ps.o ./src/chess.o ./src/oled.o ./src/ov5640.o ./src/robot.o ./src/tts.o   -Wl,--start-group,-lxil,-lgcc,-lc,-lstdc++,--end-group
'Finished building target: robot.elf'
' '
'Invoking: ARM Print Size'
arm-xilinx-eabi-size robot.elf  |tee "robot.elf.size"
   text	   data	    bss	    dec	    hex	filename
 561168	   4948	33569424	34135540	208ddf4	robot.elf
'Finished building: robot.elf.size'
' '
13:18:35 **** Incremental Build of configuration Debug for project robot ****
make all 
make: Nothing to be done for `all'.
13:18:39 **** Incremental Build of configuration Debug for project robot ****
make all 
make: Nothing to be done for `all'.
13:19:50 **** Incremental Build of configuration Debug for project robot ****
make all 
make: Nothing to be done for `all'.
13:21:34 **** Auto Build of configuration Debug for project robot ****
make all 
'Building file: ../src/robot.cpp'
'Invoking: ARM g++ compiler'
arm-xilinx-eabi-g++ -Wall -O0 -g3 -I"C:\Xilinx\SDK\2015.2\gnu\arm\nt\arm-xilinx-eabi\include\c++\4.9.1" -I"C:\Xilinx\SDK\2015.2\gnu\arm\nt\arm-xilinx-eabi\include\c++\4.9.1\arm-xilinx-eabi" -I"C:\Xilinx\SDK\2015.2\gnu\arm\nt\arm-xilinx-eabi\include\c++\4.9.1\backward" -c -fmessage-length=0 -MT"src/robot.o" -I../../robot_bsp/ps7_cortexa9_0/include -MMD -MP -MF"src/robot.d" -MT"src/robot.d" -o "src/robot.o" "../src/robot.cpp"
'Finished building: ../src/robot.cpp'
' '
'Building target: robot.elf'
'Invoking: ARM g++ linker'
arm-xilinx-eabi-g++ -Wl,-T -Wl,../src/lscript.ld -L../../robot_bsp/ps7_cortexa9_0/lib -o "robot.elf"  ./src/Robotarm_ps.o ./src/chess.o ./src/oled.o ./src/ov5640.o ./src/robot.o ./src/tts.o   -Wl,--start-group,-lxil,-lgcc,-lc,-lstdc++,--end-group
'Finished building target: robot.elf'
' '
'Invoking: ARM Print Size'
arm-xilinx-eabi-size robot.elf  |tee "robot.elf.size"
   text	   data	    bss	    dec	    hex	filename
 561168	   4948	33569424	34135540	208ddf4	robot.elf
'Finished building: robot.elf.size'
' '
13:21:42 **** Incremental Build of configuration Debug for project robot ****
make all 
make: Nothing to be done for `all'.
13:21:46 **** Incremental Build of configuration Debug for project robot ****
make all 
make: Nothing to be done for `all'.
13:22:18 **** Incremental Build of configuration Debug for project robot ****
make all 
'Building file: ../src/robot.cpp'
'Invoking: ARM g++ compiler'
arm-xilinx-eabi-g++ -Wall -O0 -g3 -I"C:\Xilinx\SDK\2015.2\gnu\arm\nt\arm-xilinx-eabi\include\c++\4.9.1" -I"C:\Xilinx\SDK\2015.2\gnu\arm\nt\arm-xilinx-eabi\include\c++\4.9.1\arm-xilinx-eabi" -I"C:\Xilinx\SDK\2015.2\gnu\arm\nt\arm-xilinx-eabi\include\c++\4.9.1\backward" -c -fmessage-length=0 -MT"src/robot.o" -I../../robot_bsp/ps7_cortexa9_0/include -MMD -MP -MF"src/robot.d" -MT"src/robot.d" -o "src/robot.o" "../src/robot.cpp"
'Finished building: ../src/robot.cpp'
' '
'Building target: robot.elf'
'Invoking: ARM g++ linker'
arm-xilinx-eabi-g++ -Wl,-T -Wl,../src/lscript.ld -L../../robot_bsp/ps7_cortexa9_0/lib -o "robot.elf"  ./src/Robotarm_ps.o ./src/chess.o ./src/oled.o ./src/ov5640.o ./src/robot.o ./src/tts.o   -Wl,--start-group,-lxil,-lgcc,-lc,-lstdc++,--end-group
'Finished building target: robot.elf'
' '
'Invoking: ARM Print Size'
arm-xilinx-eabi-size robot.elf  |tee "robot.elf.size"
   text	   data	    bss	    dec	    hex	filename
 561168	   4948	33569424	34135540	208ddf4	robot.elf
'Finished building: robot.elf.size'
' '
13:22:22 **** Incremental Build of configuration Debug for project robot ****
make all 
make: Nothing to be done for `all'.
13:22:50 **** Incremental Build of configuration Debug for project robot ****
make all 
make: Nothing to be done for `all'.
13:23:34 **** Auto Build of configuration Debug for project robot ****
make all 
'Building file: ../src/ov5640.cpp'
'Invoking: ARM g++ compiler'
arm-xilinx-eabi-g++ -Wall -O0 -g3 -I"C:\Xilinx\SDK\2015.2\gnu\arm\nt\arm-xilinx-eabi\include\c++\4.9.1" -I"C:\Xilinx\SDK\2015.2\gnu\arm\nt\arm-xilinx-eabi\include\c++\4.9.1\arm-xilinx-eabi" -I"C:\Xilinx\SDK\2015.2\gnu\arm\nt\arm-xilinx-eabi\include\c++\4.9.1\backward" -c -fmessage-length=0 -MT"src/ov5640.o" -I../../robot_bsp/ps7_cortexa9_0/include -MMD -MP -MF"src/ov5640.d" -MT"src/ov5640.d" -o "src/ov5640.o" "../src/ov5640.cpp"
'Finished building: ../src/ov5640.cpp'
' '
'Building target: robot.elf'
'Invoking: ARM g++ linker'
arm-xilinx-eabi-g++ -Wl,-T -Wl,../src/lscript.ld -L../../robot_bsp/ps7_cortexa9_0/lib -o "robot.elf"  ./src/Robotarm_ps.o ./src/chess.o ./src/oled.o ./src/ov5640.o ./src/robot.o ./src/tts.o   -Wl,--start-group,-lxil,-lgcc,-lc,-lstdc++,--end-group
'Finished building target: robot.elf'
' '
'Invoking: ARM Print Size'
arm-xilinx-eabi-size robot.elf  |tee "robot.elf.size"
   text	   data	    bss	    dec	    hex	filename
 561176	   4948	33569424	34135548	208ddfc	robot.elf
'Finished building: robot.elf.size'
' '
13:24:01 **** Incremental Build of configuration Debug for project robot ****
make all 
make: Nothing to be done for `all'.
13:25:18 **** Auto Build of configuration Debug for project robot ****
make all 
'Building file: ../src/robot.cpp'
'Invoking: ARM g++ compiler'
arm-xilinx-eabi-g++ -Wall -O0 -g3 -I"C:\Xilinx\SDK\2015.2\gnu\arm\nt\arm-xilinx-eabi\include\c++\4.9.1" -I"C:\Xilinx\SDK\2015.2\gnu\arm\nt\arm-xilinx-eabi\include\c++\4.9.1\arm-xilinx-eabi" -I"C:\Xilinx\SDK\2015.2\gnu\arm\nt\arm-xilinx-eabi\include\c++\4.9.1\backward" -c -fmessage-length=0 -MT"src/robot.o" -I../../robot_bsp/ps7_cortexa9_0/include -MMD -MP -MF"src/robot.d" -MT"src/robot.d" -o "src/robot.o" "../src/robot.cpp"
'Finished building: ../src/robot.cpp'
' '
'Building target: robot.elf'
'Invoking: ARM g++ linker'
arm-xilinx-eabi-g++ -Wl,-T -Wl,../src/lscript.ld -L../../robot_bsp/ps7_cortexa9_0/lib -o "robot.elf"  ./src/Robotarm_ps.o ./src/chess.o ./src/oled.o ./src/ov5640.o ./src/robot.o ./src/tts.o   -Wl,--start-group,-lxil,-lgcc,-lc,-lstdc++,--end-group
'Finished building target: robot.elf'
' '
'Invoking: ARM Print Size'
arm-xilinx-eabi-size robot.elf  |tee "robot.elf.size"
   text	   data	    bss	    dec	    hex	filename
 561252	   4948	33569424	34135624	208de48	robot.elf
'Finished building: robot.elf.size'
' '
13:25:35 **** Incremental Build of configuration Debug for project robot ****
make all 
make: Nothing to be done for `all'.
13:27:11 **** Auto Build of configuration Debug for project robot ****
make all 
'Building file: ../src/robot.cpp'
'Invoking: ARM g++ compiler'
arm-xilinx-eabi-g++ -Wall -O0 -g3 -I"C:\Xilinx\SDK\2015.2\gnu\arm\nt\arm-xilinx-eabi\include\c++\4.9.1" -I"C:\Xilinx\SDK\2015.2\gnu\arm\nt\arm-xilinx-eabi\include\c++\4.9.1\arm-xilinx-eabi" -I"C:\Xilinx\SDK\2015.2\gnu\arm\nt\arm-xilinx-eabi\include\c++\4.9.1\backward" -c -fmessage-length=0 -MT"src/robot.o" -I../../robot_bsp/ps7_cortexa9_0/include -MMD -MP -MF"src/robot.d" -MT"src/robot.d" -o "src/robot.o" "../src/robot.cpp"
'Finished building: ../src/robot.cpp'
' '
'Building target: robot.elf'
'Invoking: ARM g++ linker'
arm-xilinx-eabi-g++ -Wl,-T -Wl,../src/lscript.ld -L../../robot_bsp/ps7_cortexa9_0/lib -o "robot.elf"  ./src/Robotarm_ps.o ./src/chess.o ./src/oled.o ./src/ov5640.o ./src/robot.o ./src/tts.o   -Wl,--start-group,-lxil,-lgcc,-lc,-lstdc++,--end-group
'Finished building target: robot.elf'
' '
'Invoking: ARM Print Size'
arm-xilinx-eabi-size robot.elf  |tee "robot.elf.size"
   text	   data	    bss	    dec	    hex	filename
 561252	   4948	33569424	34135624	208de48	robot.elf
'Finished building: robot.elf.size'
' '
13:27:30 **** Incremental Build of configuration Debug for project robot ****
make all 
make: Nothing to be done for `all'.
13:28:08 **** Auto Build of configuration Debug for project robot ****
make all 
'Building file: ../src/robot.cpp'
'Invoking: ARM g++ compiler'
arm-xilinx-eabi-g++ -Wall -O0 -g3 -I"C:\Xilinx\SDK\2015.2\gnu\arm\nt\arm-xilinx-eabi\include\c++\4.9.1" -I"C:\Xilinx\SDK\2015.2\gnu\arm\nt\arm-xilinx-eabi\include\c++\4.9.1\arm-xilinx-eabi" -I"C:\Xilinx\SDK\2015.2\gnu\arm\nt\arm-xilinx-eabi\include\c++\4.9.1\backward" -c -fmessage-length=0 -MT"src/robot.o" -I../../robot_bsp/ps7_cortexa9_0/include -MMD -MP -MF"src/robot.d" -MT"src/robot.d" -o "src/robot.o" "../src/robot.cpp"
'Finished building: ../src/robot.cpp'
' '
'Building target: robot.elf'
'Invoking: ARM g++ linker'
arm-xilinx-eabi-g++ -Wl,-T -Wl,../src/lscript.ld -L../../robot_bsp/ps7_cortexa9_0/lib -o "robot.elf"  ./src/Robotarm_ps.o ./src/chess.o ./src/oled.o ./src/ov5640.o ./src/robot.o ./src/tts.o   -Wl,--start-group,-lxil,-lgcc,-lc,-lstdc++,--end-group
'Finished building target: robot.elf'
' '
'Invoking: ARM Print Size'
arm-xilinx-eabi-size robot.elf  |tee "robot.elf.size"
   text	   data	    bss	    dec	    hex	filename
 555304	   4948	33569432	34129684	208c714	robot.elf
'Finished building: robot.elf.size'
' '
13:28:19 **** Incremental Build of configuration Debug for project robot ****
make all 
make: Nothing to be done for `all'.
13:28:35 **** Incremental Build of configuration Debug for project robot ****
make all 
make: Nothing to be done for `all'.
13:29:26 **** Auto Build of configuration Debug for project robot ****
make all 
'Building file: ../src/robot.cpp'
'Invoking: ARM g++ compiler'
arm-xilinx-eabi-g++ -Wall -O0 -g3 -I"C:\Xilinx\SDK\2015.2\gnu\arm\nt\arm-xilinx-eabi\include\c++\4.9.1" -I"C:\Xilinx\SDK\2015.2\gnu\arm\nt\arm-xilinx-eabi\include\c++\4.9.1\arm-xilinx-eabi" -I"C:\Xilinx\SDK\2015.2\gnu\arm\nt\arm-xilinx-eabi\include\c++\4.9.1\backward" -c -fmessage-length=0 -MT"src/robot.o" -I../../robot_bsp/ps7_cortexa9_0/include -MMD -MP -MF"src/robot.d" -MT"src/robot.d" -o "src/robot.o" "../src/robot.cpp"
'Finished building: ../src/robot.cpp'
' '
'Building target: robot.elf'
'Invoking: ARM g++ linker'
arm-xilinx-eabi-g++ -Wl,-T -Wl,../src/lscript.ld -L../../robot_bsp/ps7_cortexa9_0/lib -o "robot.elf"  ./src/Robotarm_ps.o ./src/chess.o ./src/oled.o ./src/ov5640.o ./src/robot.o ./src/tts.o   -Wl,--start-group,-lxil,-lgcc,-lc,-lstdc++,--end-group
'Finished building target: robot.elf'
' '
'Invoking: ARM Print Size'
arm-xilinx-eabi-size robot.elf  |tee "robot.elf.size"
   text	   data	    bss	    dec	    hex	filename
 561768	   4948	33569424	34136140	208e04c	robot.elf
'Finished building: robot.elf.size'
' '
13:29:38 **** Incremental Build of configuration Debug for project robot ****
make all 
make: Nothing to be done for `all'.
13:30:12 **** Incremental Build of configuration Debug for project robot ****
make all 
make: Nothing to be done for `all'.
13:31:07 **** Auto Build of configuration Debug for project robot ****
make all 
'Building file: ../src/robot.cpp'
'Invoking: ARM g++ compiler'
arm-xilinx-eabi-g++ -Wall -O0 -g3 -I"C:\Xilinx\SDK\2015.2\gnu\arm\nt\arm-xilinx-eabi\include\c++\4.9.1" -I"C:\Xilinx\SDK\2015.2\gnu\arm\nt\arm-xilinx-eabi\include\c++\4.9.1\arm-xilinx-eabi" -I"C:\Xilinx\SDK\2015.2\gnu\arm\nt\arm-xilinx-eabi\include\c++\4.9.1\backward" -c -fmessage-length=0 -MT"src/robot.o" -I../../robot_bsp/ps7_cortexa9_0/include -MMD -MP -MF"src/robot.d" -MT"src/robot.d" -o "src/robot.o" "../src/robot.cpp"
'Finished building: ../src/robot.cpp'
' '
'Building target: robot.elf'
'Invoking: ARM g++ linker'
arm-xilinx-eabi-g++ -Wl,-T -Wl,../src/lscript.ld -L../../robot_bsp/ps7_cortexa9_0/lib -o "robot.elf"  ./src/Robotarm_ps.o ./src/chess.o ./src/oled.o ./src/ov5640.o ./src/robot.o ./src/tts.o   -Wl,--start-group,-lxil,-lgcc,-lc,-lstdc++,--end-group
'Finished building target: robot.elf'
' '
'Invoking: ARM Print Size'
arm-xilinx-eabi-size robot.elf  |tee "robot.elf.size"
   text	   data	    bss	    dec	    hex	filename
 561768	   4948	33569424	34136140	208e04c	robot.elf
'Finished building: robot.elf.size'
' '
13:31:21 **** Incremental Build of configuration Debug for project robot ****
make all 
make: Nothing to be done for `all'.
13:33:05 **** Incremental Build of configuration Debug for project robot ****
make all 
make: Nothing to be done for `all'.
13:34:30 **** Auto Build of configuration Debug for project robot ****
make all 
'Building file: ../src/robot.cpp'
'Invoking: ARM g++ compiler'
arm-xilinx-eabi-g++ -Wall -O0 -g3 -I"C:\Xilinx\SDK\2015.2\gnu\arm\nt\arm-xilinx-eabi\include\c++\4.9.1" -I"C:\Xilinx\SDK\2015.2\gnu\arm\nt\arm-xilinx-eabi\include\c++\4.9.1\arm-xilinx-eabi" -I"C:\Xilinx\SDK\2015.2\gnu\arm\nt\arm-xilinx-eabi\include\c++\4.9.1\backward" -c -fmessage-length=0 -MT"src/robot.o" -I../../robot_bsp/ps7_cortexa9_0/include -MMD -MP -MF"src/robot.d" -MT"src/robot.d" -o "src/robot.o" "../src/robot.cpp"
'Finished building: ../src/robot.cpp'
' '
'Building target: robot.elf'
'Invoking: ARM g++ linker'
arm-xilinx-eabi-g++ -Wl,-T -Wl,../src/lscript.ld -L../../robot_bsp/ps7_cortexa9_0/lib -o "robot.elf"  ./src/Robotarm_ps.o ./src/chess.o ./src/oled.o ./src/ov5640.o ./src/robot.o ./src/tts.o   -Wl,--start-group,-lxil,-lgcc,-lc,-lstdc++,--end-group
'Finished building target: robot.elf'
' '
'Invoking: ARM Print Size'
arm-xilinx-eabi-size robot.elf  |tee "robot.elf.size"
   text	   data	    bss	    dec	    hex	filename
 561704	   4948	33569424	34136076	208e00c	robot.elf
'Finished building: robot.elf.size'
' '
13:34:47 **** Incremental Build of configuration Debug for project robot ****
make all 
make: Nothing to be done for `all'.
13:35:23 **** Auto Build of configuration Debug for project robot ****
make all 
'Building file: ../src/robot.cpp'
'Invoking: ARM g++ compiler'
arm-xilinx-eabi-g++ -Wall -O0 -g3 -I"C:\Xilinx\SDK\2015.2\gnu\arm\nt\arm-xilinx-eabi\include\c++\4.9.1" -I"C:\Xilinx\SDK\2015.2\gnu\arm\nt\arm-xilinx-eabi\include\c++\4.9.1\arm-xilinx-eabi" -I"C:\Xilinx\SDK\2015.2\gnu\arm\nt\arm-xilinx-eabi\include\c++\4.9.1\backward" -c -fmessage-length=0 -MT"src/robot.o" -I../../robot_bsp/ps7_cortexa9_0/include -MMD -MP -MF"src/robot.d" -MT"src/robot.d" -o "src/robot.o" "../src/robot.cpp"
'Finished building: ../src/robot.cpp'
' '
'Building target: robot.elf'
'Invoking: ARM g++ linker'
arm-xilinx-eabi-g++ -Wl,-T -Wl,../src/lscript.ld -L../../robot_bsp/ps7_cortexa9_0/lib -o "robot.elf"  ./src/Robotarm_ps.o ./src/chess.o ./src/oled.o ./src/ov5640.o ./src/robot.o ./src/tts.o   -Wl,--start-group,-lxil,-lgcc,-lc,-lstdc++,--end-group
'Finished building target: robot.elf'
' '
'Invoking: ARM Print Size'
arm-xilinx-eabi-size robot.elf  |tee "robot.elf.size"
   text	   data	    bss	    dec	    hex	filename
 561768	   4948	33569424	34136140	208e04c	robot.elf
'Finished building: robot.elf.size'
' '
13:35:38 **** Incremental Build of configuration Debug for project robot ****
make all 
make: Nothing to be done for `all'.
13:40:02 **** Auto Build of configuration Debug for project robot ****
make all 
'Building target: robot.elf'
'Invoking: ARM g++ linker'
arm-xilinx-eabi-g++ -Wl,-T -Wl,../src/lscript.ld -L../../robot_bsp/ps7_cortexa9_0/lib -o "robot.elf"  ./src/Robotarm_ps.o ./src/chess.o ./src/oled.o ./src/ov5640.o ./src/robot.o ./src/tts.o   -Wl,--start-group,-lxil,-lgcc,-lc,-lstdc++,--end-group
../src/lscript.ld:251 cannot move location counter backwards (from 0018e540 to 0018e53f)
collect2.exe: error: ld returned 1 exit status
make: *** [robot.elf] ´íÎó 1
13:40:16 **** Auto Build of configuration Debug for project robot ****
make all 
'Building target: robot.elf'
'Invoking: ARM g++ linker'
arm-xilinx-eabi-g++ -Wl,-T -Wl,../src/lscript.ld -L../../robot_bsp/ps7_cortexa9_0/lib -o "robot.elf"  ./src/Robotarm_ps.o ./src/chess.o ./src/oled.o ./src/ov5640.o ./src/robot.o ./src/tts.o   -Wl,--start-group,-lxil,-lgcc,-lc,-lstdc++,--end-group
c:/xilinx/sdk/2015.2/gnu/arm/nt/bin/../lib/gcc/arm-xilinx-eabi/4.9.1/../../../../arm-xilinx-eabi/bin/ld.exe: robot.elf section `.stack' will not fit in region `ps7_ddr_0_S_AXI_BASEADDR'
c:/xilinx/sdk/2015.2/gnu/arm/nt/bin/../lib/gcc/arm-xilinx-eabi/4.9.1/../../../../arm-xilinx-eabi/bin/ld.exe: region `ps7_ddr_0_S_AXI_BASEADDR' overflowed by 1631296 bytes
collect2.exe: error: ld returned 1 exit status
make: *** [robot.elf] ´íÎó 1
13:40:20 **** Auto Build of configuration Debug for project robot ****
make all 
'Building target: robot.elf'
'Invoking: ARM g++ linker'
arm-xilinx-eabi-g++ -Wl,-T -Wl,../src/lscript.ld -L../../robot_bsp/ps7_cortexa9_0/lib -o "robot.elf"  ./src/Robotarm_ps.o ./src/chess.o ./src/oled.o ./src/ov5640.o ./src/robot.o ./src/tts.o   -Wl,--start-group,-lxil,-lgcc,-lc,-lstdc++,--end-group
'Finished building target: robot.elf'
' '
'Invoking: ARM Print Size'
arm-xilinx-eabi-size robot.elf  |tee "robot.elf.size"
   text	   data	    bss	    dec	    hex	filename
 561768	   4948	33569424	34136140	208e04c	robot.elf
'Finished building: robot.elf.size'
' '
13:40:26 **** Auto Build of configuration Debug for project robot ****
make all 
'Building target: robot.elf'
'Invoking: ARM g++ linker'
arm-xilinx-eabi-g++ -Wl,-T -Wl,../src/lscript.ld -L../../robot_bsp/ps7_cortexa9_0/lib -o "robot.elf"  ./src/Robotarm_ps.o ./src/chess.o ./src/oled.o ./src/ov5640.o ./src/robot.o ./src/tts.o   -Wl,--start-group,-lxil,-lgcc,-lc,-lstdc++,--end-group
'Finished building target: robot.elf'
' '
'Invoking: ARM Print Size'
arm-xilinx-eabi-size robot.elf  |tee "robot.elf.size"
   text	   data	    bss	    dec	    hex	filename
 561768	   4948	167787152	168353868	a08e04c	robot.elf
'Finished building: robot.elf.size'
' '
13:41:06 **** Incremental Build of configuration Debug for project robot ****
make all 
make: Nothing to be done for `all'.
13:41:36 **** Auto Build of configuration Debug for project robot ****
make all 
'Building file: ../src/robot.cpp'
'Invoking: ARM g++ compiler'
arm-xilinx-eabi-g++ -Wall -O0 -g3 -I"C:\Xilinx\SDK\2015.2\gnu\arm\nt\arm-xilinx-eabi\include\c++\4.9.1" -I"C:\Xilinx\SDK\2015.2\gnu\arm\nt\arm-xilinx-eabi\include\c++\4.9.1\arm-xilinx-eabi" -I"C:\Xilinx\SDK\2015.2\gnu\arm\nt\arm-xilinx-eabi\include\c++\4.9.1\backward" -c -fmessage-length=0 -MT"src/robot.o" -I../../robot_bsp/ps7_cortexa9_0/include -MMD -MP -MF"src/robot.d" -MT"src/robot.d" -o "src/robot.o" "../src/robot.cpp"
'Finished building: ../src/robot.cpp'
' '
'Building target: robot.elf'
'Invoking: ARM g++ linker'
arm-xilinx-eabi-g++ -Wl,-T -Wl,../src/lscript.ld -L../../robot_bsp/ps7_cortexa9_0/lib -o "robot.elf"  ./src/Robotarm_ps.o ./src/chess.o ./src/oled.o ./src/ov5640.o ./src/robot.o ./src/tts.o   -Wl,--start-group,-lxil,-lgcc,-lc,-lstdc++,--end-group
'Finished building target: robot.elf'
' '
'Invoking: ARM Print Size'
arm-xilinx-eabi-size robot.elf  |tee "robot.elf.size"
   text	   data	    bss	    dec	    hex	filename
 561704	   4948	167787152	168353804	a08e00c	robot.elf
'Finished building: robot.elf.size'
' '
13:41:51 **** Incremental Build of configuration Debug for project robot ****
make all 
make: Nothing to be done for `all'.
13:43:10 **** Auto Build of configuration Debug for project robot ****
make all 
'Building file: ../src/robot.cpp'
'Invoking: ARM g++ compiler'
arm-xilinx-eabi-g++ -Wall -O0 -g3 -I"C:\Xilinx\SDK\2015.2\gnu\arm\nt\arm-xilinx-eabi\include\c++\4.9.1" -I"C:\Xilinx\SDK\2015.2\gnu\arm\nt\arm-xilinx-eabi\include\c++\4.9.1\arm-xilinx-eabi" -I"C:\Xilinx\SDK\2015.2\gnu\arm\nt\arm-xilinx-eabi\include\c++\4.9.1\backward" -c -fmessage-length=0 -MT"src/robot.o" -I../../robot_bsp/ps7_cortexa9_0/include -MMD -MP -MF"src/robot.d" -MT"src/robot.d" -o "src/robot.o" "../src/robot.cpp"
../src/robot.cpp: In function 'int main()':
../src/robot.cpp:37:6: warning: unused variable 'cnt' [-Wunused-variable]
  int cnt=0;
      ^
'Finished building: ../src/robot.cpp'
' '
'Building target: robot.elf'
'Invoking: ARM g++ linker'
arm-xilinx-eabi-g++ -Wl,-T -Wl,../src/lscript.ld -L../../robot_bsp/ps7_cortexa9_0/lib -o "robot.elf"  ./src/Robotarm_ps.o ./src/chess.o ./src/oled.o ./src/ov5640.o ./src/robot.o ./src/tts.o   -Wl,--start-group,-lxil,-lgcc,-lc,-lstdc++,--end-group
'Finished building target: robot.elf'
' '
'Invoking: ARM Print Size'
arm-xilinx-eabi-size robot.elf  |tee "robot.elf.size"
   text	   data	    bss	    dec	    hex	filename
 561640	   4948	167787152	168353740	a08dfcc	robot.elf
'Finished building: robot.elf.size'
' '
13:43:26 **** Incremental Build of configuration Debug for project robot ****
make all 
make: Nothing to be done for `all'.
13:43:41 **** Incremental Build of configuration Debug for project robot ****
make all 
make: Nothing to be done for `all'.
13:44:21 **** Auto Build of configuration Debug for project robot ****
make all 
'Building file: ../src/robot.cpp'
'Invoking: ARM g++ compiler'
arm-xilinx-eabi-g++ -Wall -O0 -g3 -I"C:\Xilinx\SDK\2015.2\gnu\arm\nt\arm-xilinx-eabi\include\c++\4.9.1" -I"C:\Xilinx\SDK\2015.2\gnu\arm\nt\arm-xilinx-eabi\include\c++\4.9.1\arm-xilinx-eabi" -I"C:\Xilinx\SDK\2015.2\gnu\arm\nt\arm-xilinx-eabi\include\c++\4.9.1\backward" -c -fmessage-length=0 -MT"src/robot.o" -I../../robot_bsp/ps7_cortexa9_0/include -MMD -MP -MF"src/robot.d" -MT"src/robot.d" -o "src/robot.o" "../src/robot.cpp"
../src/robot.cpp: In function 'int main()':
../src/robot.cpp:63:4: error: 'board' was not declared in this scope
    board=psReadBram();
    ^
../src/robot.cpp:37:6: warning: unused variable 'cnt' [-Wunused-variable]
  int cnt=0;
      ^
make: *** [src/robot.o] ´íÎó 1
13:44:32 **** Auto Build of configuration Debug for project robot ****
make all 
'Building file: ../src/robot.cpp'
'Invoking: ARM g++ compiler'
arm-xilinx-eabi-g++ -Wall -O0 -g3 -I"C:\Xilinx\SDK\2015.2\gnu\arm\nt\arm-xilinx-eabi\include\c++\4.9.1" -I"C:\Xilinx\SDK\2015.2\gnu\arm\nt\arm-xilinx-eabi\include\c++\4.9.1\arm-xilinx-eabi" -I"C:\Xilinx\SDK\2015.2\gnu\arm\nt\arm-xilinx-eabi\include\c++\4.9.1\backward" -c -fmessage-length=0 -MT"src/robot.o" -I../../robot_bsp/ps7_cortexa9_0/include -MMD -MP -MF"src/robot.d" -MT"src/robot.d" -o "src/robot.o" "../src/robot.cpp"
../src/robot.cpp: In function 'int main()':
../src/robot.cpp:73:17: error: 'board' was not declared in this scope
     chess[i][j]=board[i][j];
                 ^
../src/robot.cpp:37:6: warning: unused variable 'cnt' [-Wunused-variable]
  int cnt=0;
      ^
make: *** [src/robot.o] ´íÎó 1
13:44:39 **** Auto Build of configuration Debug for project robot ****
make all 
'Building file: ../src/robot.cpp'
'Invoking: ARM g++ compiler'
arm-xilinx-eabi-g++ -Wall -O0 -g3 -I"C:\Xilinx\SDK\2015.2\gnu\arm\nt\arm-xilinx-eabi\include\c++\4.9.1" -I"C:\Xilinx\SDK\2015.2\gnu\arm\nt\arm-xilinx-eabi\include\c++\4.9.1\arm-xilinx-eabi" -I"C:\Xilinx\SDK\2015.2\gnu\arm\nt\arm-xilinx-eabi\include\c++\4.9.1\backward" -c -fmessage-length=0 -MT"src/robot.o" -I../../robot_bsp/ps7_cortexa9_0/include -MMD -MP -MF"src/robot.d" -MT"src/robot.d" -o "src/robot.o" "../src/robot.cpp"
../src/robot.cpp: In function 'int main()':
../src/robot.cpp:23:6: warning: unused variable 'score_human' [-Wunused-variable]
  int score_human = 0, score_ai = 0;
      ^
../src/robot.cpp:23:23: warning: unused variable 'score_ai' [-Wunused-variable]
  int score_human = 0, score_ai = 0;
                       ^
../src/robot.cpp:37:6: warning: unused variable 'cnt' [-Wunused-variable]
  int cnt=0;
      ^
'Finished building: ../src/robot.cpp'
' '
'Building target: robot.elf'
'Invoking: ARM g++ linker'
arm-xilinx-eabi-g++ -Wl,-T -Wl,../src/lscript.ld -L../../robot_bsp/ps7_cortexa9_0/lib -o "robot.elf"  ./src/Robotarm_ps.o ./src/chess.o ./src/oled.o ./src/ov5640.o ./src/robot.o ./src/tts.o   -Wl,--start-group,-lxil,-lgcc,-lc,-lstdc++,--end-group
'Finished building target: robot.elf'
' '
'Invoking: ARM Print Size'
arm-xilinx-eabi-size robot.elf  |tee "robot.elf.size"
   text	   data	    bss	    dec	    hex	filename
 555032	   4948	167787160	168347140	a08c604	robot.elf
'Finished building: robot.elf.size'
' '
13:44:45 **** Incremental Build of configuration Debug for project robot ****
make all 
make: Nothing to be done for `all'.
13:45:02 **** Auto Build of configuration Debug for project robot ****
make all 
'Building file: ../src/robot.cpp'
'Invoking: ARM g++ compiler'
arm-xilinx-eabi-g++ -Wall -O0 -g3 -I"C:\Xilinx\SDK\2015.2\gnu\arm\nt\arm-xilinx-eabi\include\c++\4.9.1" -I"C:\Xilinx\SDK\2015.2\gnu\arm\nt\arm-xilinx-eabi\include\c++\4.9.1\arm-xilinx-eabi" -I"C:\Xilinx\SDK\2015.2\gnu\arm\nt\arm-xilinx-eabi\include\c++\4.9.1\backward" -c -fmessage-length=0 -MT"src/robot.o" -I../../robot_bsp/ps7_cortexa9_0/include -MMD -MP -MF"src/robot.d" -MT"src/robot.d" -o "src/robot.o" "../src/robot.cpp"
../src/robot.cpp: In function 'int main()':
../src/robot.cpp:23:6: warning: unused variable 'score_human' [-Wunused-variable]
  int score_human = 0, score_ai = 0;
      ^
../src/robot.cpp:23:23: warning: unused variable 'score_ai' [-Wunused-variable]
  int score_human = 0, score_ai = 0;
                       ^
../src/robot.cpp:37:6: warning: unused variable 'cnt' [-Wunused-variable]
  int cnt=0;
      ^
'Finished building: ../src/robot.cpp'
' '
'Building target: robot.elf'
'Invoking: ARM g++ linker'
arm-xilinx-eabi-g++ -Wl,-T -Wl,../src/lscript.ld -L../../robot_bsp/ps7_cortexa9_0/lib -o "robot.elf"  ./src/Robotarm_ps.o ./src/chess.o ./src/oled.o ./src/ov5640.o ./src/robot.o ./src/tts.o   -Wl,--start-group,-lxil,-lgcc,-lc,-lstdc++,--end-group
'Finished building target: robot.elf'
' '
'Invoking: ARM Print Size'
arm-xilinx-eabi-size robot.elf  |tee "robot.elf.size"
   text	   data	    bss	    dec	    hex	filename
 555312	   4948	167787160	168347420	a08c71c	robot.elf
'Finished building: robot.elf.size'
' '
13:45:08 **** Incremental Build of configuration Debug for project robot ****
make all 
make: Nothing to be done for `all'.
13:45:37 **** Auto Build of configuration Debug for project robot ****
make all 
'Building file: ../src/robot.cpp'
'Invoking: ARM g++ compiler'
arm-xilinx-eabi-g++ -Wall -O0 -g3 -I"C:\Xilinx\SDK\2015.2\gnu\arm\nt\arm-xilinx-eabi\include\c++\4.9.1" -I"C:\Xilinx\SDK\2015.2\gnu\arm\nt\arm-xilinx-eabi\include\c++\4.9.1\arm-xilinx-eabi" -I"C:\Xilinx\SDK\2015.2\gnu\arm\nt\arm-xilinx-eabi\include\c++\4.9.1\backward" -c -fmessage-length=0 -MT"src/robot.o" -I../../robot_bsp/ps7_cortexa9_0/include -MMD -MP -MF"src/robot.d" -MT"src/robot.d" -o "src/robot.o" "../src/robot.cpp"
../src/robot.cpp: In function 'int main()':
../src/robot.cpp:23:6: warning: unused variable 'score_human' [-Wunused-variable]
  int score_human = 0, score_ai = 0;
      ^
../src/robot.cpp:23:23: warning: unused variable 'score_ai' [-Wunused-variable]
  int score_human = 0, score_ai = 0;
                       ^
../src/robot.cpp:37:6: warning: unused variable 'cnt' [-Wunused-variable]
  int cnt=0;
      ^
'Finished building: ../src/robot.cpp'
' '
'Building target: robot.elf'
'Invoking: ARM g++ linker'
arm-xilinx-eabi-g++ -Wl,-T -Wl,../src/lscript.ld -L../../robot_bsp/ps7_cortexa9_0/lib -o "robot.elf"  ./src/Robotarm_ps.o ./src/chess.o ./src/oled.o ./src/ov5640.o ./src/robot.o ./src/tts.o   -Wl,--start-group,-lxil,-lgcc,-lc,-lstdc++,--end-group
'Finished building target: robot.elf'
' '
'Invoking: ARM Print Size'
arm-xilinx-eabi-size robot.elf  |tee "robot.elf.size"
   text	   data	    bss	    dec	    hex	filename
 555376	   4948	167787160	168347484	a08c75c	robot.elf
'Finished building: robot.elf.size'
' '
13:45:42 **** Incremental Build of configuration Debug for project robot ****
make all 
make: Nothing to be done for `all'.
13:46:24 **** Auto Build of configuration Debug for project robot ****
make all 
'Building file: ../src/robot.cpp'
'Invoking: ARM g++ compiler'
arm-xilinx-eabi-g++ -Wall -O0 -g3 -I"C:\Xilinx\SDK\2015.2\gnu\arm\nt\arm-xilinx-eabi\include\c++\4.9.1" -I"C:\Xilinx\SDK\2015.2\gnu\arm\nt\arm-xilinx-eabi\include\c++\4.9.1\arm-xilinx-eabi" -I"C:\Xilinx\SDK\2015.2\gnu\arm\nt\arm-xilinx-eabi\include\c++\4.9.1\backward" -c -fmessage-length=0 -MT"src/robot.o" -I../../robot_bsp/ps7_cortexa9_0/include -MMD -MP -MF"src/robot.d" -MT"src/robot.d" -o "src/robot.o" "../src/robot.cpp"
../src/robot.cpp: In function 'int main()':
../src/robot.cpp:23:6: warning: unused variable 'score_human' [-Wunused-variable]
  int score_human = 0, score_ai = 0;
      ^
../src/robot.cpp:23:23: warning: unused variable 'score_ai' [-Wunused-variable]
  int score_human = 0, score_ai = 0;
                       ^
../src/robot.cpp:37:6: warning: unused variable 'cnt' [-Wunused-variable]
  int cnt=0;
      ^
'Finished building: ../src/robot.cpp'
' '
'Building target: robot.elf'
'Invoking: ARM g++ linker'
arm-xilinx-eabi-g++ -Wl,-T -Wl,../src/lscript.ld -L../../robot_bsp/ps7_cortexa9_0/lib -o "robot.elf"  ./src/Robotarm_ps.o ./src/chess.o ./src/oled.o ./src/ov5640.o ./src/robot.o ./src/tts.o   -Wl,--start-group,-lxil,-lgcc,-lc,-lstdc++,--end-group
'Finished building target: robot.elf'
' '
'Invoking: ARM Print Size'
arm-xilinx-eabi-size robot.elf  |tee "robot.elf.size"
   text	   data	    bss	    dec	    hex	filename
 555448	   4948	167787160	168347556	a08c7a4	robot.elf
'Finished building: robot.elf.size'
' '
13:46:28 **** Incremental Build of configuration Debug for project robot ****
make all 
make: Nothing to be done for `all'.
13:47:03 **** Incremental Build of configuration Debug for project robot ****
make all 
make: Nothing to be done for `all'.
13:48:27 **** Auto Build of configuration Debug for project robot ****
make all 
'Building file: ../src/ov5640.cpp'
'Invoking: ARM g++ compiler'
arm-xilinx-eabi-g++ -Wall -O0 -g3 -I"C:\Xilinx\SDK\2015.2\gnu\arm\nt\arm-xilinx-eabi\include\c++\4.9.1" -I"C:\Xilinx\SDK\2015.2\gnu\arm\nt\arm-xilinx-eabi\include\c++\4.9.1\arm-xilinx-eabi" -I"C:\Xilinx\SDK\2015.2\gnu\arm\nt\arm-xilinx-eabi\include\c++\4.9.1\backward" -c -fmessage-length=0 -MT"src/ov5640.o" -I../../robot_bsp/ps7_cortexa9_0/include -MMD -MP -MF"src/ov5640.d" -MT"src/ov5640.d" -o "src/ov5640.o" "../src/ov5640.cpp"
'Finished building: ../src/ov5640.cpp'
' '
'Building target: robot.elf'
'Invoking: ARM g++ linker'
arm-xilinx-eabi-g++ -Wl,-T -Wl,../src/lscript.ld -L../../robot_bsp/ps7_cortexa9_0/lib -o "robot.elf"  ./src/Robotarm_ps.o ./src/chess.o ./src/oled.o ./src/ov5640.o ./src/robot.o ./src/tts.o   -Wl,--start-group,-lxil,-lgcc,-lc,-lstdc++,--end-group
'Finished building target: robot.elf'
' '
'Invoking: ARM Print Size'
arm-xilinx-eabi-size robot.elf  |tee "robot.elf.size"
   text	   data	    bss	    dec	    hex	filename
 555700	   4948	167787160	168347808	a08c8a0	robot.elf
'Finished building: robot.elf.size'
' '
13:48:36 **** Auto Build of configuration Debug for project robot ****
make all 
'Building file: ../src/robot.cpp'
'Invoking: ARM g++ compiler'
arm-xilinx-eabi-g++ -Wall -O0 -g3 -I"C:\Xilinx\SDK\2015.2\gnu\arm\nt\arm-xilinx-eabi\include\c++\4.9.1" -I"C:\Xilinx\SDK\2015.2\gnu\arm\nt\arm-xilinx-eabi\include\c++\4.9.1\arm-xilinx-eabi" -I"C:\Xilinx\SDK\2015.2\gnu\arm\nt\arm-xilinx-eabi\include\c++\4.9.1\backward" -c -fmessage-length=0 -MT"src/robot.o" -I../../robot_bsp/ps7_cortexa9_0/include -MMD -MP -MF"src/robot.d" -MT"src/robot.d" -o "src/robot.o" "../src/robot.cpp"
../src/robot.cpp: In function 'int main()':
../src/robot.cpp:23:6: warning: unused variable 'score_human' [-Wunused-variable]
  int score_human = 0, score_ai = 0;
      ^
../src/robot.cpp:23:23: warning: unused variable 'score_ai' [-Wunused-variable]
  int score_human = 0, score_ai = 0;
                       ^
../src/robot.cpp:37:6: warning: unused variable 'cnt' [-Wunused-variable]
  int cnt=0;
      ^
'Finished building: ../src/robot.cpp'
' '
'Building target: robot.elf'
'Invoking: ARM g++ linker'
arm-xilinx-eabi-g++ -Wl,-T -Wl,../src/lscript.ld -L../../robot_bsp/ps7_cortexa9_0/lib -o "robot.elf"  ./src/Robotarm_ps.o ./src/chess.o ./src/oled.o ./src/ov5640.o ./src/robot.o ./src/tts.o   -Wl,--start-group,-lxil,-lgcc,-lc,-lstdc++,--end-group
'Finished building target: robot.elf'
' '
'Invoking: ARM Print Size'
arm-xilinx-eabi-size robot.elf  |tee "robot.elf.size"
   text	   data	    bss	    dec	    hex	filename
 561444	   4948	167787152	168353544	a08df08	robot.elf
'Finished building: robot.elf.size'
' '
13:48:48 **** Incremental Build of configuration Debug for project robot ****
make all 
make: Nothing to be done for `all'.
13:49:13 **** Auto Build of configuration Debug for project robot ****
make all 
'Building file: ../src/robot.cpp'
'Invoking: ARM g++ compiler'
arm-xilinx-eabi-g++ -Wall -O0 -g3 -I"C:\Xilinx\SDK\2015.2\gnu\arm\nt\arm-xilinx-eabi\include\c++\4.9.1" -I"C:\Xilinx\SDK\2015.2\gnu\arm\nt\arm-xilinx-eabi\include\c++\4.9.1\arm-xilinx-eabi" -I"C:\Xilinx\SDK\2015.2\gnu\arm\nt\arm-xilinx-eabi\include\c++\4.9.1\backward" -c -fmessage-length=0 -MT"src/robot.o" -I../../robot_bsp/ps7_cortexa9_0/include -MMD -MP -MF"src/robot.d" -MT"src/robot.d" -o "src/robot.o" "../src/robot.cpp"
../src/robot.cpp: In function 'int main()':
../src/robot.cpp:23:6: warning: unused variable 'score_human' [-Wunused-variable]
  int score_human = 0, score_ai = 0;
      ^
../src/robot.cpp:23:23: warning: unused variable 'score_ai' [-Wunused-variable]
  int score_human = 0, score_ai = 0;
                       ^
../src/robot.cpp:37:6: warning: unused variable 'cnt' [-Wunused-variable]
  int cnt=0;
      ^
'Finished building: ../src/robot.cpp'
' '
'Building target: robot.elf'
[...]
'Finished building: ../src/tts.cpp'
' '
'Building target: robot.elf'
'Invoking: ARM g++ linker'
arm-xilinx-eabi-g++ -Wl,-T -Wl,../src/lscript.ld -L../../robot_bsp/ps7_cortexa9_0/lib -o "robot.elf"  ./src/Robotarm_ps.o ./src/chess.o ./src/oled.o ./src/ov5640.o ./src/robot.o ./src/tts.o   -Wl,--start-group,-lxil,-lgcc,-lc,-lstdc++,--end-group
'Finished building target: robot.elf'
' '
'Invoking: ARM Print Size'
arm-xilinx-eabi-size robot.elf  |tee "robot.elf.size"
   text	   data	    bss	    dec	    hex	filename
 562428	   4948	167787160	168354536	a08e2e8	robot.elf
'Finished building: robot.elf.size'
' '
09:58:26 **** Auto Build of project robot_bsp ****
make -k all 
"Running Make include in ps7_cortexa9_0/libsrc/bram_v4_0/src"
make -C ps7_cortexa9_0/libsrc/bram_v4_0/src -s include  "SHELL=CMD" "COMPILER=arm-xilinx-eabi-gcc" "ARCHIVER=arm-xilinx-eabi-ar" "COMPILER_FLAGS=  -O2 -c" "EXTRA_COMPILER_FLAGS=-g"
"Running Make include in ps7_cortexa9_0/libsrc/coresightps_dcc_v1_0/src"
make -C ps7_cortexa9_0/libsrc/coresightps_dcc_v1_0/src -s include  "SHELL=CMD" "COMPILER=arm-xilinx-eabi-gcc" "ARCHIVER=arm-xilinx-eabi-ar" "COMPILER_FLAGS=  -O2 -c" "EXTRA_COMPILER_FLAGS=-g"
"Running Make include in ps7_cortexa9_0/libsrc/cpu_cortexa9_v2_1/src"
make -C ps7_cortexa9_0/libsrc/cpu_cortexa9_v2_1/src -s include  "SHELL=CMD" "COMPILER=arm-xilinx-eabi-gcc" "ARCHIVER=arm-xilinx-eabi-ar" "COMPILER_FLAGS=  -O2 -c" "EXTRA_COMPILER_FLAGS=-g"
"Running Make include in ps7_cortexa9_0/libsrc/devcfg_v3_3/src"
make -C ps7_cortexa9_0/libsrc/devcfg_v3_3/src -s include  "SHELL=CMD" "COMPILER=arm-xilinx-eabi-gcc" "ARCHIVER=arm-xilinx-eabi-ar" "COMPILER_FLAGS=  -O2 -c" "EXTRA_COMPILER_FLAGS=-g"
"Running Make include in ps7_cortexa9_0/libsrc/dmaps_v2_1/src"
make -C ps7_cortexa9_0/libsrc/dmaps_v2_1/src -s include  "SHELL=CMD" "COMPILER=arm-xilinx-eabi-gcc" "ARCHIVER=arm-xilinx-eabi-ar" "COMPILER_FLAGS=  -O2 -c" "EXTRA_COMPILER_FLAGS=-g"
"Running Make include in ps7_cortexa9_0/libsrc/emacps_v3_0/src"
make -C ps7_cortexa9_0/libsrc/emacps_v3_0/src -s include  "SHELL=CMD" "COMPILER=arm-xilinx-eabi-gcc" "ARCHIVER=arm-xilinx-eabi-ar" "COMPILER_FLAGS=  -O2 -c" "EXTRA_COMPILER_FLAGS=-g"
"Running Make include in ps7_cortexa9_0/libsrc/gpiops_v3_0/src"
make -C ps7_cortexa9_0/libsrc/gpiops_v3_0/src -s include  "SHELL=CMD" "COMPILER=arm-xilinx-eabi-gcc" "ARCHIVER=arm-xilinx-eabi-ar" "COMPILER_FLAGS=  -O2 -c" "EXTRA_COMPILER_FLAGS=-g"
"Running Make include in ps7_cortexa9_0/libsrc/OLED_IP_v1_0/src"
make -C ps7_cortexa9_0/libsrc/OLED_IP_v1_0/src -s include  "SHELL=CMD" "COMPILER=arm-xilinx-eabi-gcc" "ARCHIVER=arm-xilinx-eabi-ar" "COMPILER_FLAGS=  -O2 -c" "EXTRA_COMPILER_FLAGS=-g"
"Running Make include in ps7_cortexa9_0/libsrc/ov5640_dvp_bram_v1_0/src"
make -C ps7_cortexa9_0/libsrc/ov5640_dvp_bram_v1_0/src -s include  "SHELL=CMD" "COMPILER=arm-xilinx-eabi-gcc" "ARCHIVER=arm-xilinx-eabi-ar" "COMPILER_FLAGS=  -O2 -c" "EXTRA_COMPILER_FLAGS=-g"
"Running Make include in ps7_cortexa9_0/libsrc/ov5640_sccb_v1_0/src"
make -C ps7_cortexa9_0/libsrc/ov5640_sccb_v1_0/src -s include  "SHELL=CMD" "COMPILER=arm-xilinx-eabi-gcc" "ARCHIVER=arm-xilinx-eabi-ar" "COMPILER_FLAGS=  -O2 -c" "EXTRA_COMPILER_FLAGS=-g"
"Running Make include in ps7_cortexa9_0/libsrc/qspips_v3_2/src"
make -C ps7_cortexa9_0/libsrc/qspips_v3_2/src -s include  "SHELL=CMD" "COMPILER=arm-xilinx-eabi-gcc" "ARCHIVER=arm-xilinx-eabi-ar" "COMPILER_FLAGS=  -O2 -c" "EXTRA_COMPILER_FLAGS=-g"
"Running Make include in ps7_cortexa9_0/libsrc/Robotarm_car_v1_0/src"
make -C ps7_cortexa9_0/libsrc/Robotarm_car_v1_0/src -s include  "SHELL=CMD" "COMPILER=arm-xilinx-eabi-gcc" "ARCHIVER=arm-xilinx-eabi-ar" "COMPILER_FLAGS=  -O2 -c" "EXTRA_COMPILER_FLAGS=-g"
"Running Make include in ps7_cortexa9_0/libsrc/scugic_v3_0/src"
make -C ps7_cortexa9_0/libsrc/scugic_v3_0/src -s include  "SHELL=CMD" "COMPILER=arm-xilinx-eabi-gcc" "ARCHIVER=arm-xilinx-eabi-ar" "COMPILER_FLAGS=  -O2 -c" "EXTRA_COMPILER_FLAGS=-g"
"Running Make include in ps7_cortexa9_0/libsrc/scutimer_v2_1/src"
make -C ps7_cortexa9_0/libsrc/scutimer_v2_1/src -s include  "SHELL=CMD" "COMPILER=arm-xilinx-eabi-gcc" "ARCHIVER=arm-xilinx-eabi-ar" "COMPILER_FLAGS=  -O2 -c" "EXTRA_COMPILER_FLAGS=-g"
"Running Make include in ps7_cortexa9_0/libsrc/scuwdt_v2_1/src"
make -C ps7_cortexa9_0/libsrc/scuwdt_v2_1/src -s include  "SHELL=CMD" "COMPILER=arm-xilinx-eabi-gcc" "ARCHIVER=arm-xilinx-eabi-ar" "COMPILER_FLAGS=  -O2 -c" "EXTRA_COMPILER_FLAGS=-g"
"Running Make include in ps7_cortexa9_0/libsrc/sdps_v2_4/src"
make -C ps7_cortexa9_0/libsrc/sdps_v2_4/src -s include  "SHELL=CMD" "COMPILER=arm-xilinx-eabi-gcc" "ARCHIVER=arm-xilinx-eabi-ar" "COMPILER_FLAGS=  -O2 -c" "EXTRA_COMPILER_FLAGS=-g"
"Running Make include in ps7_cortexa9_0/libsrc/standalone_v5_1/src"
make -C ps7_cortexa9_0/libsrc/standalone_v5_1/src -s include  "SHELL=CMD" "COMPILER=arm-xilinx-eabi-gcc" "ARCHIVER=arm-xilinx-eabi-ar" "COMPILER_FLAGS=  -O2 -c" "EXTRA_COMPILER_FLAGS=-g"
"Running Make include in ps7_cortexa9_0/libsrc/ttcps_v3_0/src"
make -C ps7_cortexa9_0/libsrc/ttcps_v3_0/src -s include  "SHELL=CMD" "COMPILER=arm-xilinx-eabi-gcc" "ARCHIVER=arm-xilinx-eabi-ar" "COMPILER_FLAGS=  -O2 -c" "EXTRA_COMPILER_FLAGS=-g"
"Running Make include in ps7_cortexa9_0/libsrc/tts_v1_0/src"
make -C ps7_cortexa9_0/libsrc/tts_v1_0/src -s include  "SHELL=CMD" "COMPILER=arm-xilinx-eabi-gcc" "ARCHIVER=arm-xilinx-eabi-ar" "COMPILER_FLAGS=  -O2 -c" "EXTRA_COMPILER_FLAGS=-g"
"Running Make include in ps7_cortexa9_0/libsrc/uartps_v3_0/src"
make -C ps7_cortexa9_0/libsrc/uartps_v3_0/src -s include  "SHELL=CMD" "COMPILER=arm-xilinx-eabi-gcc" "ARCHIVER=arm-xilinx-eabi-ar" "COMPILER_FLAGS=  -O2 -c" "EXTRA_COMPILER_FLAGS=-g"
"Running Make include in ps7_cortexa9_0/libsrc/usbps_v2_2/src"
make -C ps7_cortexa9_0/libsrc/usbps_v2_2/src -s include  "SHELL=CMD" "COMPILER=arm-xilinx-eabi-gcc" "ARCHIVER=arm-xilinx-eabi-ar" "COMPILER_FLAGS=  -O2 -c" "EXTRA_COMPILER_FLAGS=-g"
"Running Make include in ps7_cortexa9_0/libsrc/xadcps_v2_2/src"
make -C ps7_cortexa9_0/libsrc/xadcps_v2_2/src -s include  "SHELL=CMD" "COMPILER=arm-xilinx-eabi-gcc" "ARCHIVER=arm-xilinx-eabi-ar" "COMPILER_FLAGS=  -O2 -c" "EXTRA_COMPILER_FLAGS=-g"
"Running Make libs in ps7_cortexa9_0/libsrc/bram_v4_0/src"
make -C ps7_cortexa9_0/libsrc/bram_v4_0/src -s libs  "SHELL=CMD" "COMPILER=arm-xilinx-eabi-gcc" "ARCHIVER=arm-xilinx-eabi-ar" "COMPILER_FLAGS=  -O2 -c" "EXTRA_COMPILER_FLAGS=-g"
"Compiling bram"
"Running Make libs in ps7_cortexa9_0/libsrc/coresightps_dcc_v1_0/src"
make -C ps7_cortexa9_0/libsrc/coresightps_dcc_v1_0/src -s libs  "SHELL=CMD" "COMPILER=arm-xilinx-eabi-gcc" "ARCHIVER=arm-xilinx-eabi-ar" "COMPILER_FLAGS=  -O2 -c" "EXTRA_COMPILER_FLAGS=-g"
"Compiling coresightps_dcc"
"Running Make libs in ps7_cortexa9_0/libsrc/cpu_cortexa9_v2_1/src"
make -C ps7_cortexa9_0/libsrc/cpu_cortexa9_v2_1/src -s libs  "SHELL=CMD" "COMPILER=arm-xilinx-eabi-gcc" "ARCHIVER=arm-xilinx-eabi-ar" "COMPILER_FLAGS=  -O2 -c" "EXTRA_COMPILER_FLAGS=-g"
"Compiling cpu_cortexa9"
"Running Make libs in ps7_cortexa9_0/libsrc/devcfg_v3_3/src"
make -C ps7_cortexa9_0/libsrc/devcfg_v3_3/src -s libs  "SHELL=CMD" "COMPILER=arm-xilinx-eabi-gcc" "ARCHIVER=arm-xilinx-eabi-ar" "COMPILER_FLAGS=  -O2 -c" "EXTRA_COMPILER_FLAGS=-g"
"Compiling devcfg"
"Running Make libs in ps7_cortexa9_0/libsrc/dmaps_v2_1/src"
make -C ps7_cortexa9_0/libsrc/dmaps_v2_1/src -s libs  "SHELL=CMD" "COMPILER=arm-xilinx-eabi-gcc" "ARCHIVER=arm-xilinx-eabi-ar" "COMPILER_FLAGS=  -O2 -c" "EXTRA_COMPILER_FLAGS=-g"
"Compiling dmaps"
"Running Make libs in ps7_cortexa9_0/libsrc/emacps_v3_0/src"
make -C ps7_cortexa9_0/libsrc/emacps_v3_0/src -s libs  "SHELL=CMD" "COMPILER=arm-xilinx-eabi-gcc" "ARCHIVER=arm-xilinx-eabi-ar" "COMPILER_FLAGS=  -O2 -c" "EXTRA_COMPILER_FLAGS=-g"
"Compiling emacps"
"Running Make libs in ps7_cortexa9_0/libsrc/gpiops_v3_0/src"
make -C ps7_cortexa9_0/libsrc/gpiops_v3_0/src -s libs  "SHELL=CMD" "COMPILER=arm-xilinx-eabi-gcc" "ARCHIVER=arm-xilinx-eabi-ar" "COMPILER_FLAGS=  -O2 -c" "EXTRA_COMPILER_FLAGS=-g"
"Compiling gpiops"
"Running Make libs in ps7_cortexa9_0/libsrc/OLED_IP_v1_0/src"
make -C ps7_cortexa9_0/libsrc/OLED_IP_v1_0/src -s libs  "SHELL=CMD" "COMPILER=arm-xilinx-eabi-gcc" "ARCHIVER=arm-xilinx-eabi-ar" "COMPILER_FLAGS=  -O2 -c" "EXTRA_COMPILER_FLAGS=-g"
"Compiling OLED_IP..."
"Running Make libs in ps7_cortexa9_0/libsrc/ov5640_dvp_bram_v1_0/src"
make -C ps7_cortexa9_0/libsrc/ov5640_dvp_bram_v1_0/src -s libs  "SHELL=CMD" "COMPILER=arm-xilinx-eabi-gcc" "ARCHIVER=arm-xilinx-eabi-ar" "COMPILER_FLAGS=  -O2 -c" "EXTRA_COMPILER_FLAGS=-g"
"Compiling ov5640_dvp_bram..."
"Running Make libs in ps7_cortexa9_0/libsrc/ov5640_sccb_v1_0/src"
make -C ps7_cortexa9_0/libsrc/ov5640_sccb_v1_0/src -s libs  "SHELL=CMD" "COMPILER=arm-xilinx-eabi-gcc" "ARCHIVER=arm-xilinx-eabi-ar" "COMPILER_FLAGS=  -O2 -c" "EXTRA_COMPILER_FLAGS=-g"
"Compiling ov5640_sccb..."
"Running Make libs in ps7_cortexa9_0/libsrc/qspips_v3_2/src"
make -C ps7_cortexa9_0/libsrc/qspips_v3_2/src -s libs  "SHELL=CMD" "COMPILER=arm-xilinx-eabi-gcc" "ARCHIVER=arm-xilinx-eabi-ar" "COMPILER_FLAGS=  -O2 -c" "EXTRA_COMPILER_FLAGS=-g"
"Compiling qspips"
"Running Make libs in ps7_cortexa9_0/libsrc/Robotarm_car_v1_0/src"
make -C ps7_cortexa9_0/libsrc/Robotarm_car_v1_0/src -s libs  "SHELL=CMD" "COMPILER=arm-xilinx-eabi-gcc" "ARCHIVER=arm-xilinx-eabi-ar" "COMPILER_FLAGS=  -O2 -c" "EXTRA_COMPILER_FLAGS=-g"
"Compiling Robotarm_car..."
"Running Make libs in ps7_cortexa9_0/libsrc/scugic_v3_0/src"
make -C ps7_cortexa9_0/libsrc/scugic_v3_0/src -s libs  "SHELL=CMD" "COMPILER=arm-xilinx-eabi-gcc" "ARCHIVER=arm-xilinx-eabi-ar" "COMPILER_FLAGS=  -O2 -c" "EXTRA_COMPILER_FLAGS=-g"
"Compiling scugic"
"Running Make libs in ps7_cortexa9_0/libsrc/scutimer_v2_1/src"
make -C ps7_cortexa9_0/libsrc/scutimer_v2_1/src -s libs  "SHELL=CMD" "COMPILER=arm-xilinx-eabi-gcc" "ARCHIVER=arm-xilinx-eabi-ar" "COMPILER_FLAGS=  -O2 -c" "EXTRA_COMPILER_FLAGS=-g"
"Compiling scutimer"
"Running Make libs in ps7_cortexa9_0/libsrc/scuwdt_v2_1/src"
make -C ps7_cortexa9_0/libsrc/scuwdt_v2_1/src -s libs  "SHELL=CMD" "COMPILER=arm-xilinx-eabi-gcc" "ARCHIVER=arm-xilinx-eabi-ar" "COMPILER_FLAGS=  -O2 -c" "EXTRA_COMPILER_FLAGS=-g"
"Compiling scuwdt"
"Running Make libs in ps7_cortexa9_0/libsrc/sdps_v2_4/src"
make -C ps7_cortexa9_0/libsrc/sdps_v2_4/src -s libs  "SHELL=CMD" "COMPILER=arm-xilinx-eabi-gcc" "ARCHIVER=arm-xilinx-eabi-ar" "COMPILER_FLAGS=  -O2 -c" "EXTRA_COMPILER_FLAGS=-g"
"Compiling sdps"
"Running Make libs in ps7_cortexa9_0/libsrc/standalone_v5_1/src"
make -C ps7_cortexa9_0/libsrc/standalone_v5_1/src -s libs  "SHELL=CMD" "COMPILER=arm-xilinx-eabi-gcc" "ARCHIVER=arm-xilinx-eabi-ar" "COMPILER_FLAGS=  -O2 -c" "EXTRA_COMPILER_FLAGS=-g"
"Compiling standalone"
"Running Make libs in ps7_cortexa9_0/libsrc/ttcps_v3_0/src"
make -C ps7_cortexa9_0/libsrc/ttcps_v3_0/src -s libs  "SHELL=CMD" "COMPILER=arm-xilinx-eabi-gcc" "ARCHIVER=arm-xilinx-eabi-ar" "COMPILER_FLAGS=  -O2 -c" "EXTRA_COMPILER_FLAGS=-g"
"Compiling ttcps"
"Running Make libs in ps7_cortexa9_0/libsrc/tts_v1_0/src"
make -C ps7_cortexa9_0/libsrc/tts_v1_0/src -s libs  "SHELL=CMD" "COMPILER=arm-xilinx-eabi-gcc" "ARCHIVER=arm-xilinx-eabi-ar" "COMPILER_FLAGS=  -O2 -c" "EXTRA_COMPILER_FLAGS=-g"
"Compiling tts..."
"Running Make libs in ps7_cortexa9_0/libsrc/uartps_v3_0/src"
make -C ps7_cortexa9_0/libsrc/uartps_v3_0/src -s libs  "SHELL=CMD" "COMPILER=arm-xilinx-eabi-gcc" "ARCHIVER=arm-xilinx-eabi-ar" "COMPILER_FLAGS=  -O2 -c" "EXTRA_COMPILER_FLAGS=-g"
"Compiling uartps"
"Running Make libs in ps7_cortexa9_0/libsrc/usbps_v2_2/src"
make -C ps7_cortexa9_0/libsrc/usbps_v2_2/src -s libs  "SHELL=CMD" "COMPILER=arm-xilinx-eabi-gcc" "ARCHIVER=arm-xilinx-eabi-ar" "COMPILER_FLAGS=  -O2 -c" "EXTRA_COMPILER_FLAGS=-g"
"Compiling usbps"
"Running Make libs in ps7_cortexa9_0/libsrc/xadcps_v2_2/src"
make -C ps7_cortexa9_0/libsrc/xadcps_v2_2/src -s libs  "SHELL=CMD" "COMPILER=arm-xilinx-eabi-gcc" "ARCHIVER=arm-xilinx-eabi-ar" "COMPILER_FLAGS=  -O2 -c" "EXTRA_COMPILER_FLAGS=-g"
"Compiling xadcps"
'Finished building libraries'
09:58:47 **** Auto Build of configuration Debug for project robot ****
make all 
'Building file: ../src/Robotarm_ps.c'
'Invoking: ARM g++ compiler'
arm-xilinx-eabi-g++ -Wall -O0 -g3 -I"C:\Xilinx\SDK\2015.2\gnu\arm\nt\arm-xilinx-eabi\include\c++\4.9.1" -I"C:\Xilinx\SDK\2015.2\gnu\arm\nt\arm-xilinx-eabi\include\c++\4.9.1\arm-xilinx-eabi" -I"C:\Xilinx\SDK\2015.2\gnu\arm\nt\arm-xilinx-eabi\include\c++\4.9.1\backward" -c -fmessage-length=0 -MT"src/Robotarm_ps.o" -I../../robot_bsp/ps7_cortexa9_0/include -MMD -MP -MF"src/Robotarm_ps.d" -MT"src/Robotarm_ps.d" -o "src/Robotarm_ps.o" "../src/Robotarm_ps.c"
'Finished building: ../src/Robotarm_ps.c'
' '
'Building file: ../src/oled.c'
'Invoking: ARM g++ compiler'
arm-xilinx-eabi-g++ -Wall -O0 -g3 -I"C:\Xilinx\SDK\2015.2\gnu\arm\nt\arm-xilinx-eabi\include\c++\4.9.1" -I"C:\Xilinx\SDK\2015.2\gnu\arm\nt\arm-xilinx-eabi\include\c++\4.9.1\arm-xilinx-eabi" -I"C:\Xilinx\SDK\2015.2\gnu\arm\nt\arm-xilinx-eabi\include\c++\4.9.1\backward" -c -fmessage-length=0 -MT"src/oled.o" -I../../robot_bsp/ps7_cortexa9_0/include -MMD -MP -MF"src/oled.d" -MT"src/oled.d" -o "src/oled.o" "../src/oled.c"
'Finished building: ../src/oled.c'
' '
'Building file: ../src/ov5640.cpp'
'Invoking: ARM g++ compiler'
arm-xilinx-eabi-g++ -Wall -O0 -g3 -I"C:\Xilinx\SDK\2015.2\gnu\arm\nt\arm-xilinx-eabi\include\c++\4.9.1" -I"C:\Xilinx\SDK\2015.2\gnu\arm\nt\arm-xilinx-eabi\include\c++\4.9.1\arm-xilinx-eabi" -I"C:\Xilinx\SDK\2015.2\gnu\arm\nt\arm-xilinx-eabi\include\c++\4.9.1\backward" -c -fmessage-length=0 -MT"src/ov5640.o" -I../../robot_bsp/ps7_cortexa9_0/include -MMD -MP -MF"src/ov5640.d" -MT"src/ov5640.d" -o "src/ov5640.o" "../src/ov5640.cpp"
'Finished building: ../src/ov5640.cpp'
' '
'Building file: ../src/robot.cpp'
'Invoking: ARM g++ compiler'
arm-xilinx-eabi-g++ -Wall -O0 -g3 -I"C:\Xilinx\SDK\2015.2\gnu\arm\nt\arm-xilinx-eabi\include\c++\4.9.1" -I"C:\Xilinx\SDK\2015.2\gnu\arm\nt\arm-xilinx-eabi\include\c++\4.9.1\arm-xilinx-eabi" -I"C:\Xilinx\SDK\2015.2\gnu\arm\nt\arm-xilinx-eabi\include\c++\4.9.1\backward" -c -fmessage-length=0 -MT"src/robot.o" -I../../robot_bsp/ps7_cortexa9_0/include -MMD -MP -MF"src/robot.d" -MT"src/robot.d" -o "src/robot.o" "../src/robot.cpp"
'Finished building: ../src/robot.cpp'
' '
'Building file: ../src/tts.cpp'
'Invoking: ARM g++ compiler'
arm-xilinx-eabi-g++ -Wall -O0 -g3 -I"C:\Xilinx\SDK\2015.2\gnu\arm\nt\arm-xilinx-eabi\include\c++\4.9.1" -I"C:\Xilinx\SDK\2015.2\gnu\arm\nt\arm-xilinx-eabi\include\c++\4.9.1\arm-xilinx-eabi" -I"C:\Xilinx\SDK\2015.2\gnu\arm\nt\arm-xilinx-eabi\include\c++\4.9.1\backward" -c -fmessage-length=0 -MT"src/tts.o" -I../../robot_bsp/ps7_cortexa9_0/include -MMD -MP -MF"src/tts.d" -MT"src/tts.d" -o "src/tts.o" "../src/tts.cpp"
'Finished building: ../src/tts.cpp'
' '
'Building target: robot.elf'
'Invoking: ARM g++ linker'
arm-xilinx-eabi-g++ -Wl,-T -Wl,../src/lscript.ld -L../../robot_bsp/ps7_cortexa9_0/lib -o "robot.elf"  ./src/Robotarm_ps.o ./src/chess.o ./src/oled.o ./src/ov5640.o ./src/robot.o ./src/tts.o   -Wl,--start-group,-lxil,-lgcc,-lc,-lstdc++,--end-group
'Finished building target: robot.elf'
' '
'Invoking: ARM Print Size'
arm-xilinx-eabi-size robot.elf  |tee "robot.elf.size"
   text	   data	    bss	    dec	    hex	filename
 562428	   4948	167787160	168354536	a08e2e8	robot.elf
'Finished building: robot.elf.size'
' '
09:59:04 **** Incremental Build of configuration Debug for project robot ****
make all 
make: Nothing to be done for `all'.
10:00:11 **** Incremental Build of configuration Debug for project robot ****
make all 
make: Nothing to be done for `all'.
16:13:32 **** Incremental Build of configuration Debug for project robot ****
make all 
make: Nothing to be done for `all'.
16:13:57 **** Incremental Build of configuration Debug for project robot ****
make all 
make: Nothing to be done for `all'.
16:15:11 **** Incremental Build of configuration Debug for project robot ****
make all 
make: Nothing to be done for `all'.
16:17:17 **** Incremental Build of configuration Debug for project robot ****
make all 
make: Nothing to be done for `all'.
16:18:10 **** Incremental Build of configuration Debug for project robot ****
make all 
make: Nothing to be done for `all'.
16:23:25 **** Auto Build of configuration Debug for project robot ****
make all 
'Building file: ../src/ov5640.cpp'
'Invoking: ARM g++ compiler'
arm-xilinx-eabi-g++ -Wall -O0 -g3 -I"C:\Xilinx\SDK\2015.2\gnu\arm\nt\arm-xilinx-eabi\include\c++\4.9.1" -I"C:\Xilinx\SDK\2015.2\gnu\arm\nt\arm-xilinx-eabi\include\c++\4.9.1\arm-xilinx-eabi" -I"C:\Xilinx\SDK\2015.2\gnu\arm\nt\arm-xilinx-eabi\include\c++\4.9.1\backward" -c -fmessage-length=0 -MT"src/ov5640.o" -I../../robot_bsp/ps7_cortexa9_0/include -MMD -MP -MF"src/ov5640.d" -MT"src/ov5640.d" -o "src/ov5640.o" "../src/ov5640.cpp"
'Finished building: ../src/ov5640.cpp'
' '
'Building target: robot.elf'
'Invoking: ARM g++ linker'
arm-xilinx-eabi-g++ -Wl,-T -Wl,../src/lscript.ld -L../../robot_bsp/ps7_cortexa9_0/lib -o "robot.elf"  ./src/Robotarm_ps.o ./src/chess.o ./src/oled.o ./src/ov5640.o ./src/robot.o ./src/tts.o   -Wl,--start-group,-lxil,-lgcc,-lc,-lstdc++,--end-group
'Finished building target: robot.elf'
' '
'Invoking: ARM Print Size'
arm-xilinx-eabi-size robot.elf  |tee "robot.elf.size"
   text	   data	    bss	    dec	    hex	filename
 562428	   4948	167787160	168354536	a08e2e8	robot.elf
'Finished building: robot.elf.size'
' '
16:23:32 **** Incremental Build of configuration Debug for project robot ****
make all 
make: Nothing to be done for `all'.
16:24:00 **** Auto Build of configuration Debug for project robot ****
make all 
'Building file: ../src/ov5640.cpp'
'Invoking: ARM g++ compiler'
arm-xilinx-eabi-g++ -Wall -O0 -g3 -I"C:\Xilinx\SDK\2015.2\gnu\arm\nt\arm-xilinx-eabi\include\c++\4.9.1" -I"C:\Xilinx\SDK\2015.2\gnu\arm\nt\arm-xilinx-eabi\include\c++\4.9.1\arm-xilinx-eabi" -I"C:\Xilinx\SDK\2015.2\gnu\arm\nt\arm-xilinx-eabi\include\c++\4.9.1\backward" -c -fmessage-length=0 -MT"src/ov5640.o" -I../../robot_bsp/ps7_cortexa9_0/include -MMD -MP -MF"src/ov5640.d" -MT"src/ov5640.d" -o "src/ov5640.o" "../src/ov5640.cpp"
'Finished building: ../src/ov5640.cpp'
' '
'Building target: robot.elf'
'Invoking: ARM g++ linker'
arm-xilinx-eabi-g++ -Wl,-T -Wl,../src/lscript.ld -L../../robot_bsp/ps7_cortexa9_0/lib -o "robot.elf"  ./src/Robotarm_ps.o ./src/chess.o ./src/oled.o ./src/ov5640.o ./src/robot.o ./src/tts.o   -Wl,--start-group,-lxil,-lgcc,-lc,-lstdc++,--end-group
'Finished building target: robot.elf'
' '
'Invoking: ARM Print Size'
arm-xilinx-eabi-size robot.elf  |tee "robot.elf.size"
   text	   data	    bss	    dec	    hex	filename
 562428	   4948	167787160	168354536	a08e2e8	robot.elf
'Finished building: robot.elf.size'
' '
16:24:12 **** Incremental Build of configuration Debug for project robot ****
make all 
make: Nothing to be done for `all'.
16:28:27 **** Incremental Build of configuration Debug for project robot ****
make all 
make: Nothing to be done for `all'.
16:28:58 **** Incremental Build of configuration Debug for project robot ****
make all 
make: Nothing to be done for `all'.
17:30:02 **** Incremental Build of configuration Debug for project robot ****
make all 
make: Nothing to be done for `all'.
17:30:23 **** Incremental Build of configuration Debug for project robot ****
make all 
make: Nothing to be done for `all'.
17:30:55 **** Incremental Build of configuration Debug for project robot ****
make all 
make: Nothing to be done for `all'.
17:31:13 **** Incremental Build of configuration Debug for project robot ****
make all 
make: Nothing to be done for `all'.
17:37:20 **** Incremental Build of configuration Debug for project robot ****
make all 
make: Nothing to be done for `all'.
